128.111.43.72 - - [06/Dec/2002:13:38:27 -0800] "GET /basstard_title.png HTTP/1.1" 304 - "http://128.111.48.15/contact.html" "Mozilla/5.0 (X11; U; Linux i686; en-US; rv:1.0.1) Gecko/20021003"
128.111.43.72 - - [06/Dec/2002:13:39:31 -0800] "GET /cgi-bin/query_extension.pl?cboname=kevin HTTP/1.1" 200 323 "http://128.111.48.15/contact.html" "Mozilla/5.0 (X11; U; Linux i686; en-US; rv:1.0.1) Gecko/20021003"
128.111.43.72 - - [06/Dec/2002:13:39:41 -0800] "GET /cgi-bin/query_extension.pl?cboname=malford HTTP/1.1" 200 327 "http://128.111.48.15/contact.html" "Mozilla/5.0 (X11; U; Linux i686; en-US; rv:1.0.1) Gecko/20021003"
128.111.43.72 - - [06/Dec/2002:13:39:58 -0800] "GET /cgi-bin/query_extension.pl?cboname=root HTTP/1.1" 200 321 "-" "Mozilla/5.0 (X11; U; Linux i686; en-US; rv:1.0.1) Gecko/20021003"
128.111.43.72 - - [06/Dec/2002:13:40:13 -0800] "GET /cgi-bin/query_extension.pl?cboname=schmidt HTTP/1.1" 200 349 "http://128.111.48.15/contact.html" "Mozilla/5.0 (X11; U; Linux i686; en-US; rv:1.0.1) Gecko/20021003"
128.111.43.72 - - [06/Dec/2002:13:40:55 -0800] "GET /cgi-bin/query_extension.pl?cboname=father HTTP/1.1" 200 325 "http://128.111.48.15/contact.html" "Mozilla/5.0 (X11; U; Linux i686; en-US; rv:1.0.1) Gecko/20021003"
128.111.43.72 - - [06/Dec/2002:13:41:11 -0800] "GET /cgi-bin/query_extension.pl?cboname=vigna HTTP/1.1" 200 323 "http://128.111.48.15/contact.html" "Mozilla/5.0 (X11; U; Linux i686; en-US; rv:1.0.1) Gecko/20021003"
128.111.43.72 - - [06/Dec/2002:13:41:23 -0800] "GET /history.html HTTP/1.1" 304 - "http://128.111.48.15/" "Mozilla/5.0 (X11; U; Linux i686; en-US; rv:1.0.1) Gecko/20021003"
128.111.43.72 - - [06/Dec/2002:13:41:31 -0800] "GET /financial.html HTTP/1.1" 304 - "http://128.111.48.15/history.html" "Mozilla/5.0 (X11; U; Linux i686; en-US; rv:1.0.1) Gecko/20021003"
128.111.43.72 - - [06/Dec/2002:13:42:03 -0800] "GET /cgi-bin/query_extension.pl?cboname=11%2C665%2C762 HTTP/1.1" 200 333 "http://128.111.48.15/contact.html" "Mozilla/5.0 (X11; U; Linux i686; en-US; rv:1.0.1) Gecko/20021003"
128.111.43.72 - - [06/Dec/2002:13:42:08 -0800] "GET /cgi-bin/query_extension.pl?cboname=11665762 HTTP/1.1" 200 329 "http://128.111.48.15/contact.html" "Mozilla/5.0 (X11; U; Linux i686; en-US; rv:1.0.1) Gecko/20021003"
128.111.43.72 - - [06/Dec/2002:13:42:18 -0800] "GET /cgi-bin/guestbook.pl?guestbook.txt HTTP/1.1" 200 632 "http://128.111.48.15/feedback.html" "Mozilla/5.0 (X11; U; Linux i686; en-US; rv:1.0.1) Gecko/20021003"
128.111.43.72 - - [06/Dec/2002:13:42:30 -0800] "GET /cgi-bin/query_extension.pl?cboname=Malfius HTTP/1.1" 200 327 "http://128.111.48.15/contact.html" "Mozilla/5.0 (X11; U; Linux i686; en-US; rv:1.0.1) Gecko/20021003"
128.111.43.72 - - [06/Dec/2002:13:42:38 -0800] "GET /cgi-bin/query_extension.pl?cboname=Schmidt HTTP/1.1" 200 349 "http://128.111.48.15/contact.html" "Mozilla/5.0 (X11; U; Linux i686; en-US; rv:1.0.1) Gecko/20021003"
128.111.43.72 - - [06/Dec/2002:13:42:45 -0800] "GET /cgi-bin/query_extension.pl?cboname=leonardo HTTP/1.1" 200 329 "http://128.111.48.15/contact.html" "Mozilla/5.0 (X11; U; Linux i686; en-US; rv:1.0.1) Gecko/20021003"
128.111.43.72 - - [06/Dec/2002:13:42:49 -0800] "GET /cgi-bin/query_extension.pl?cboname=Schmidt HTTP/1.1" 200 349 "http://128.111.48.15/contact.html" "Mozilla/5.0 (X11; U; Linux i686; en-US; rv:1.0.1) Gecko/20021003"
128.111.43.58 - - [06/Dec/2002:13:43:45 -0800] "GET /contact.html HTTP/1.0" 200 1286 "http://128.111.48.15/" "Mozilla/4.79 [en] (X11; U; Linux 2.4.18-18.7.x i686)"
128.111.43.58 - - [06/Dec/2002:13:43:55 -0800] "GET /cgi-bin/query_extension.pl?cboname=Schmidt HTTP/1.0" 200 337 "http://128.111.48.15/contact.html" "Mozilla/4.79 [en] (X11; U; Linux 2.4.18-18.7.x i686)"
128.111.43.58 - - [06/Dec/2002:13:45:22 -0800] "GET /contact.html HTTP/1.0" 200 1286 "http://128.111.48.15/" "Mozilla/4.79 [en] (X11; U; Linux 2.4.18-18.7.x i686)"
128.111.43.58 - - [06/Dec/2002:13:45:52 -0800] "GET /cgi-bin/query_extension.pl?cboname=christopher HTTP/1.0" 200 323 "http://128.111.48.15/contact.html" "Mozilla/4.79 [en] (X11; U; Linux 2.4.18-18.7.x i686)"
128.111.43.58 - - [06/Dec/2002:13:45:54 -0800] "GET /contact.html HTTP/1.0" 200 1286 "http://128.111.48.15/" "Mozilla/4.79 [en] (X11; U; Linux 2.4.18-18.7.x i686)"
128.111.43.58 - - [06/Dec/2002:13:45:58 -0800] "GET /cgi-bin/query_extension.pl?cboname=schmidt HTTP/1.0" 200 337 "http://128.111.48.15/contact.html" "Mozilla/4.79 [en] (X11; U; Linux 2.4.18-18.7.x i686)"
128.111.43.58 - - [06/Dec/2002:13:46:14 -0800] "GET /contact.html HTTP/1.0" 200 1286 "http://128.111.48.15/" "Mozilla/4.79 [en] (X11; U; Linux 2.4.18-18.7.x i686)"
128.111.43.72 - - [06/Dec/2002:13:46:48 -0800] "GET /cgi-bin/query_extension.pl?cboname=su HTTP/1.1" 200 317 "http://128.111.48.15/contact.html" "Mozilla/5.0 (X11; U; Linux i686; en-US; rv:1.0.1) Gecko/20021003"
128.111.43.58 - - [06/Dec/2002:13:46:51 -0800] "GET /cgi-bin/query_extension.pl?cboname=le HTTP/1.0" 200 305 "-" "Mozilla/4.79 [en] (X11; U; Linux 2.4.18-18.7.x i686)"
128.111.43.72 - - [06/Dec/2002:13:47:11 -0800] "GET /cgi-bin/query_extension.pl?cboname=pachino HTTP/1.1" 200 327 "-" "Mozilla/5.0 (X11; U; Linux i686; en-US; rv:1.0.1) Gecko/20021003"
128.111.43.72 - - [06/Dec/2002:13:47:41 -0800] "GET /cgi-bin/query_extension.pl?passworde HTTP/1.1" 200 313 "-" "Mozilla/5.0 (X11; U; Linux i686; en-US; rv:1.0.1) Gecko/20021003"
128.111.43.72 - - [06/Dec/2002:13:47:44 -0800] "GET /cgi-bin/query_extension.pl?passwords HTTP/1.1" 200 313 "-" "Mozilla/5.0 (X11; U; Linux i686; en-US; rv:1.0.1) Gecko/20021003"
128.111.43.72 - - [06/Dec/2002:13:47:50 -0800] "GET /cgi-bin/query_extension.pl?pswrds HTTP/1.1" 200 313 "-" "Mozilla/5.0 (X11; U; Linux i686; en-US; rv:1.0.1) Gecko/20021003"
128.111.43.72 - - [06/Dec/2002:13:47:53 -0800] "GET /cgi-bin/query_extension.pl?psw HTTP/1.1" 200 313 "-" "Mozilla/5.0 (X11; U; Linux i686; en-US; rv:1.0.1) Gecko/20021003"
128.111.43.72 - - [06/Dec/2002:13:48:05 -0800] "GET /cgi-bin/query_extension.pl?kevin HTTP/1.1" 200 313 "-" "Mozilla/5.0 (X11; U; Linux i686; en-US; rv:1.0.1) Gecko/20021003"
128.111.43.72 - - [06/Dec/2002:13:48:17 -0800] "GET /cgi-bin/query_extension.pl?scmidt HTTP/1.1" 200 313 "-" "Mozilla/5.0 (X11; U; Linux i686; en-US; rv:1.0.1) Gecko/20021003"
128.111.43.72 - - [06/Dec/2002:13:48:36 -0800] "GET /cgi-bin/query_extension.pl?cboname=Schmidt HTTP/1.1" 200 349 "http://128.111.48.15/contact.html" "Mozilla/5.0 (X11; U; Linux i686; en-US; rv:1.0.1) Gecko/20021003"
128.111.43.72 - - [06/Dec/2002:13:48:44 -0800] "GET /cgi-bin/query_extension.pl?cboname=CSchmidt HTTP/1.1" 200 329 "http://128.111.48.15/contact.html" "Mozilla/5.0 (X11; U; Linux i686; en-US; rv:1.0.1) Gecko/20021003"
128.111.43.72 - - [06/Dec/2002:13:48:55 -0800] "GET /cgi-bin/query_extension.pl?cboname=vigna HTTP/1.1" 200 323 "http://128.111.48.15/contact.html" "Mozilla/5.0 (X11; U; Linux i686; en-US; rv:1.0.1) Gecko/20021003"
128.111.43.72 - - [06/Dec/2002:13:49:00 -0800] "GET /cgi-bin/query_extension.pl?cboname=alpha HTTP/1.1" 200 323 "http://128.111.48.15/contact.html" "Mozilla/5.0 (X11; U; Linux i686; en-US; rv:1.0.1) Gecko/20021003"
128.111.43.72 - - [06/Dec/2002:13:49:08 -0800] "GET /cgi-bin/query_extension.pl?cboname=cgo HTTP/1.1" 200 319 "http://128.111.48.15/contact.html" "Mozilla/5.0 (X11; U; Linux i686; en-US; rv:1.0.1) Gecko/20021003"
128.111.43.72 - - [06/Dec/2002:13:49:13 -0800] "GET /cgi-bin/query_extension.pl?cboname=cbo HTTP/1.1" 200 319 "http://128.111.48.15/contact.html" "Mozilla/5.0 (X11; U; Linux i686; en-US; rv:1.0.1) Gecko/20021003"
128.111.43.72 - - [06/Dec/2002:13:49:26 -0800] "GET /cgi-bin/query_extension.pl?cboname=tard HTTP/1.1" 200 321 "http://128.111.48.15/contact.html" "Mozilla/5.0 (X11; U; Linux i686; en-US; rv:1.0.1) Gecko/20021003"
128.111.43.72 - - [06/Dec/2002:13:49:33 -0800] "GET /cgi-bin/query_extension.pl?cboname=bass HTTP/1.1" 200 321 "http://128.111.48.15/contact.html" "Mozilla/5.0 (X11; U; Linux i686; en-US; rv:1.0.1) Gecko/20021003"
128.111.43.72 - - [06/Dec/2002:13:49:46 -0800] "GET /cgi-bin/query_extension.pl?cboname=Bass+Tard HTTP/1.1" 200 331 "http://128.111.48.15/contact.html" "Mozilla/5.0 (X11; U; Linux i686; en-US; rv:1.0.1) Gecko/20021003"
128.111.43.72 - - [06/Dec/2002:13:51:40 -0800] "GET /cgi-bin/query_extension.pl?pswrds HTTP/1.1" 200 313 "-" "Mozilla/5.0 (X11; U; Linux i686; en-US; rv:1.0.1) Gecko/20021003"
128.111.43.72 - - [06/Dec/2002:13:51:48 -0800] "GET /cgi-bin/query_extension.pl?etc/paswords HTTP/1.1" 200 313 "-" "Mozilla/5.0 (X11; U; Linux i686; en-US; rv:1.0.1) Gecko/20021003"
128.111.43.72 - - [06/Dec/2002:13:51:53 -0800] "GET /cgi-bin/query_extension.pl?etc/passwords HTTP/1.1" 200 313 "-" "Mozilla/5.0 (X11; U; Linux i686; en-US; rv:1.0.1) Gecko/20021003"
128.111.43.72 - - [06/Dec/2002:13:51:58 -0800] "GET /cgi-bin/query_extension.pl?etc/passwrds HTTP/1.1" 200 313 "-" "Mozilla/5.0 (X11; U; Linux i686; en-US; rv:1.0.1) Gecko/20021003"
128.111.43.72 - - [06/Dec/2002:13:52:04 -0800] "GET /cgi-bin/query_extension.pl?/etc/passwrds HTTP/1.1" 200 313 "-" "Mozilla/5.0 (X11; U; Linux i686; en-US; rv:1.0.1) Gecko/20021003"
128.111.43.72 - - [06/Dec/2002:13:52:39 -0800] "GET /cgi-bin/query_extension.pl?/etc/passwd HTTP/1.1" 200 313 "-" "Mozilla/5.0 (X11; U; Linux i686; en-US; rv:1.0.1) Gecko/20021003"
128.111.43.72 - - [06/Dec/2002:13:52:43 -0800] "GET /cgi-bin/query_extension.pl?/etc/passwds HTTP/1.1" 200 313 "-" "Mozilla/5.0 (X11; U; Linux i686; en-US; rv:1.0.1) Gecko/20021003"
128.111.43.58 - - [06/Dec/2002:13:52:56 -0800] "GET /cgi-bin/query_extension.pl?cboname=le HTTP/1.0" 200 305 "-" "Mozilla/4.79 [en] (X11; U; Linux 2.4.18-18.7.x i686)"
128.111.43.72 - - [06/Dec/2002:13:53:05 -0800] "GET /cgi-bin/guestbook.pl?guestbook.txt HTTP/1.1" 200 632 "http://128.111.48.15/feedback.html" "Mozilla/5.0 (X11; U; Linux i686; en-US; rv:1.0.1) Gecko/20021003"
128.111.43.58 - - [06/Dec/2002:13:53:08 -0800] "GET /cgi-bin/query_extension.pl?cboname=schmits HTTP/1.0" 200 315 "-" "Mozilla/4.79 [en] (X11; U; Linux 2.4.18-18.7.x i686)"
128.111.43.72 - - [06/Dec/2002:13:53:11 -0800] "GET /cgi-bin/guestbook.pl?etc/passwd HTTP/1.1" 200 348 "-" "Mozilla/5.0 (X11; U; Linux i686; en-US; rv:1.0.1) Gecko/20021003"
128.111.43.58 - - [06/Dec/2002:13:53:16 -0800] "GET /cgi-bin/query_extension.pl?cboname=schmidt HTTP/1.0" 200 337 "http://128.111.48.15/contact.html" "Mozilla/4.79 [en] (X11; U; Linux 2.4.18-18.7.x i686)"
128.111.43.58 - - [06/Dec/2002:13:53:47 -0800] "GET /cgi-bin/query_extension.pl?cboname=schmidt HTTP/1.0" 200 337 "http://128.111.48.15/contact.html" "Mozilla/4.79 [en] (X11; U; Linux 2.4.18-18.7.x i686)"
128.111.43.25 - - [06/Dec/2002:13:54:55 -0800] "GET /cgi-bin/guestbook.pl?/etc/passwd HTTP/1.1" 200 1924 "-" "Mozilla/5.0 (compatible; Konqueror/3; Linux)"
128.111.43.25 - - [06/Dec/2002:13:54:59 -0800] "GET /cgi-bin HTTP/1.1" 404 279 "-" "Mozilla/5.0 (compatible; Konqueror/3; Linux)"
128.111.43.25 - - [06/Dec/2002:13:55:03 -0800] "GET / HTTP/1.1" 304 - "-" "Mozilla/5.0 (compatible; Konqueror/3; Linux)"
128.111.43.25 - - [06/Dec/2002:13:55:06 -0800] "GET /contact.html HTTP/1.1" 304 - "http://128.111.48.15/" "Mozilla/5.0 (compatible; Konqueror/3; Linux)"
128.111.43.25 - - [06/Dec/2002:13:55:55 -0800] "GET /cgi-bin/query_extension.pl?cboname=owner+++ HTTP/1.1" 200 329 "http://128.111.48.15/contact.html" "Mozilla/5.0 (compatible; Konqueror/3; Linux)"
128.111.43.25 - - [06/Dec/2002:13:56:06 -0800] "GET /cgi-bin/query_extension.pl?cboname=pcap++ HTTP/1.1" 200 325 "http://128.111.48.15/contact.html" "Mozilla/5.0 (compatible; Konqueror/3; Linux)"
128.111.43.25 - - [06/Dec/2002:13:56:21 -0800] "GET /cgi-bin/query_extension.pl?cboname=leonardo HTTP/1.1" 200 329 "http://128.111.48.15/contact.html" "Mozilla/5.0 (compatible; Konqueror/3; Linux)"
128.111.43.25 - - [06/Dec/2002:13:56:31 -0800] "GET /cgi-bin/query_extension.pl?cboname=mysql HTTP/1.1" 200 323 "http://128.111.48.15/contact.html" "Mozilla/5.0 (compatible; Konqueror/3; Linux)"
128.111.43.25 - - [06/Dec/2002:13:57:10 -0800] "GET /cgi-bin/query_extension.pl?cboname=drcs HTTP/1.1" 200 321 "http://128.111.48.15/contact.html" "Mozilla/5.0 (compatible; Konqueror/3; Linux)"
128.111.43.25 - - [06/Dec/2002:13:57:48 -0800] "GET /cgi-bin/query_extension.pl?cboname=schmidt HTTP/1.1" 200 349 "http://128.111.48.15/contact.html" "Mozilla/5.0 (compatible; Konqueror/3; Linux)"
128.111.43.25 - - [06/Dec/2002:13:57:54 -0800] "GET /cgi-bin/query_extension.pl?cboname=7488 HTTP/1.1" 200 321 "http://128.111.48.15/contact.html" "Mozilla/5.0 (compatible; Konqueror/3; Linux)"
128.111.43.25 - - [06/Dec/2002:13:59:55 -0800] "GET /contact.html HTTP/1.1" 304 - "http://128.111.48.15/" "Mozilla/5.0 (compatible; Konqueror/3; Linux)"
128.111.43.58 - - [06/Dec/2002:14:00:28 -0800] "GET /cgi-bin/query_extension.pl?cboname=schmits HTTP/1.0" 200 315 "-" "Mozilla/4.79 [en] (X11; U; Linux 2.4.18-18.7.x i686)"
128.111.43.58 - - [06/Dec/2002:14:00:30 -0800] "GET /cgi-bin/query_extension.pl?cboname=le HTTP/1.0" 200 305 "-" "Mozilla/4.79 [en] (X11; U; Linux 2.4.18-18.7.x i686)"
128.111.43.25 - - [06/Dec/2002:14:00:57 -0800] "GET /cgi-bin/guestbook.pl?/etc/users HTTP/1.1" 200 348 "-" "Mozilla/5.0 (compatible; Konqueror/3; Linux)"
128.111.43.25 - - [06/Dec/2002:14:01:08 -0800] "GET /cgi-bin/guestbook.pl HTTP/1.1" 200 348 "-" "Mozilla/5.0 (compatible; Konqueror/3; Linux)"
128.111.43.58 - - [06/Dec/2002:14:05:20 -0800] "GET /contact.html HTTP/1.0" 200 1286 "http://128.111.48.15/" "Mozilla/4.79 [en] (X11; U; Linux 2.4.18-18.7.x i686)"
128.111.43.58 - - [06/Dec/2002:14:05:35 -0800] "GET /cgi-bin/query_extension.pl?cboname=tard HTTP/1.0" 200 309 "http://128.111.48.15/contact.html" "Mozilla/4.79 [en] (X11; U; Linux 2.4.18-18.7.x i686)"
128.111.43.58 - - [06/Dec/2002:14:05:37 -0800] "GET /contact.html HTTP/1.0" 200 1286 "http://128.111.48.15/" "Mozilla/4.79 [en] (X11; U; Linux 2.4.18-18.7.x i686)"
128.111.43.58 - - [06/Dec/2002:14:05:39 -0800] "GET / HTTP/1.0" 200 1494 "-" "Mozilla/4.79 [en] (X11; U; Linux 2.4.18-18.7.x i686)"
128.111.43.58 - - [06/Dec/2002:14:05:39 -0800] "GET /basstard.png HTTP/1.0" 200 18660 "http://128.111.48.15/" "Mozilla/4.79 [en] (X11; U; Linux 2.4.18-18.7.x i686)"
128.111.43.58 - - [06/Dec/2002:14:05:50 -0800] "GET /contact.html HTTP/1.0" 200 1286 "http://128.111.48.15/" "Mozilla/4.79 [en] (X11; U; Linux 2.4.18-18.7.x i686)"
128.111.43.58 - - [06/Dec/2002:14:05:53 -0800] "GET /cgi-bin/query_extension.pl?cboname=bass HTTP/1.0" 200 309 "http://128.111.48.15/contact.html" "Mozilla/4.79 [en] (X11; U; Linux 2.4.18-18.7.x i686)"
128.111.43.58 - - [06/Dec/2002:14:05:55 -0800] "GET /contact.html HTTP/1.0" 200 1286 "http://128.111.48.15/" "Mozilla/4.79 [en] (X11; U; Linux 2.4.18-18.7.x i686)"
128.111.43.58 - - [06/Dec/2002:14:05:57 -0800] "GET / HTTP/1.0" 200 1494 "-" "Mozilla/4.79 [en] (X11; U; Linux 2.4.18-18.7.x i686)"
128.111.43.58 - - [06/Dec/2002:14:06:00 -0800] "GET /contact.html HTTP/1.0" 200 1286 "http://128.111.48.15/" "Mozilla/4.79 [en] (X11; U; Linux 2.4.18-18.7.x i686)"
128.111.43.58 - - [06/Dec/2002:14:06:01 -0800] "GET / HTTP/1.0" 200 1494 "-" "Mozilla/4.79 [en] (X11; U; Linux 2.4.18-18.7.x i686)"
128.111.43.58 - - [06/Dec/2002:14:06:02 -0800] "GET /history.html HTTP/1.0" 200 1226 "http://128.111.48.15/" "Mozilla/4.79 [en] (X11; U; Linux 2.4.18-18.7.x i686)"
128.111.43.58 - - [06/Dec/2002:14:06:27 -0800] "GET /financial.html HTTP/1.0" 200 1369 "http://128.111.48.15/history.html" "Mozilla/4.79 [en] (X11; U; Linux 2.4.18-18.7.x i686)"
128.111.43.58 - - [06/Dec/2002:14:06:57 -0800] "GET /cgi-bin/query_extension.pl?cboname=schmits HTTP/1.0" 200 315 "-" "Mozilla/4.79 [en] (X11; U; Linux 2.4.18-18.7.x i686)"
128.111.43.25 - - [06/Dec/2002:14:08:19 -0800] "GET /contact.html HTTP/1.1" 304 - "http://128.111.48.15/" "Mozilla/5.0 (compatible; Konqueror/3; Linux)"
128.111.43.25 - - [06/Dec/2002:14:08:54 -0800] "GET /cgi-bin/query_extension.pl?cboname=++schmidt HTTP/1.1" 200 331 "http://128.111.48.15/contact.html" "Mozilla/5.0 (compatible; Konqueror/3; Linux)"
128.111.43.25 - - [06/Dec/2002:14:09:00 -0800] "GET /cgi-bin/query_extension.pl?cboname=schmidt HTTP/1.1" 200 349 "http://128.111.48.15/contact.html" "Mozilla/5.0 (compatible; Konqueror/3; Linux)"
128.111.43.25 - - [06/Dec/2002:14:10:14 -0800] "GET /cgi-bin/query_extension.pl?cboname=schmidt%40 HTTP/1.1" 200 329 "http://128.111.48.15/contact.html" "Mozilla/5.0 (compatible; Konqueror/3; Linux)"
128.111.43.38 - - [06/Dec/2002:14:10:23 -0800] "GET /cgi-bin/query_extension.pl?cboname=vigna HTTP/1.1" 200 323 "http://128.111.48.15/contact.html" "Mozilla/4.0 (compatible; MSIE 6.0; Windows NT 5.1; Q312461)"
128.111.43.38 - - [06/Dec/2002:14:10:33 -0800] "GET /cgi-bin/query_extension.pl?cboname=scmidt HTTP/1.1" 200 325 "http://128.111.48.15/contact.html" "Mozilla/4.0 (compatible; MSIE 6.0; Windows NT 5.1; Q312461)"
128.111.43.38 - - [06/Dec/2002:14:10:44 -0800] "GET /cgi-bin/query_extension.pl?cboname=schmidt HTTP/1.1" 200 349 "http://128.111.48.15/contact.html" "Mozilla/4.0 (compatible; MSIE 6.0; Windows NT 5.1; Q312461)"
128.111.43.38 - - [06/Dec/2002:14:11:15 -0800] "GET /cgi-bin/query_extension.pl?cboname=schmidt HTTP/1.1" 200 349 "http://128.111.48.15/contact.html" "Mozilla/4.0 (compatible; MSIE 6.0; Windows NT 5.1; Q312461)"
128.111.43.38 - - [06/Dec/2002:14:12:24 -0800] "GET /cgi-bin/query_extension.pl?cboname=tard HTTP/1.1" 200 321 "http://128.111.48.15/contact.html" "Mozilla/4.0 (compatible; MSIE 6.0; Windows NT 5.1; Q312461)"
128.111.43.38 - - [06/Dec/2002:14:12:33 -0800] "GET /cgi-bin/query_extension.pl?cboname=schmidt HTTP/1.1" 200 349 "http://128.111.48.15/contact.html" "Mozilla/4.0 (compatible; MSIE 6.0; Windows NT 5.1; Q312461)"
128.111.43.21 - - [06/Dec/2002:14:13:47 -0800] "GET /feedback.html HTTP/1.1" 304 - "http://128.111.48.15/" "Mozilla/5.0 (X11; U; Linux i686; en-US; rv:1.0.1) Gecko/20021003"
128.111.43.21 - - [06/Dec/2002:14:14:17 -0800] "GET /cgi-bin/guestbook.pl?guestbook.txt HTTP/1.1" 200 632 "http://128.111.48.15/feedback.html" "Mozilla/5.0 (X11; U; Linux i686; en-US; rv:1.0.1) Gecko/20021003"
128.111.43.25 - - [06/Dec/2002:14:15:23 -0800] "GET /contact.html HTTP/1.1" 304 - "http://128.111.48.15/" "Mozilla/5.0 (compatible; Konqueror/3; Linux)"
128.111.43.25 - - [06/Dec/2002:14:16:11 -0800] "GET /feedback.html HTTP/1.1" 304 - "http://128.111.48.15/" "Mozilla/5.0 (compatible; Konqueror/3; Linux)"
128.111.43.25 - - [06/Dec/2002:14:16:16 -0800] "GET /cgi-bin/guestbook.pl?guestbook.txt HTTP/1.1" 200 632 "http://128.111.48.15/feedback.html" "Mozilla/5.0 (compatible; Konqueror/3; Linux)"
128.111.43.25 - - [06/Dec/2002:14:16:41 -0800] "GET /cgi-bin/query_extension.pl?cboname=Charles+Manson HTTP/1.1" 200 341 "http://128.111.48.15/contact.html" "Mozilla/5.0 (compatible; Konqueror/3; Linux)"
128.111.43.25 - - [06/Dec/2002:14:16:46 -0800] "GET /cgi-bin/query_extension.pl?cboname=Manson HTTP/1.1" 200 325 "http://128.111.48.15/contact.html" "Mozilla/5.0 (compatible; Konqueror/3; Linux)"
128.111.43.25 - - [06/Dec/2002:14:16:55 -0800] "GET /cgi-bin/query_extension.pl?cboname=Charles HTTP/1.1" 200 327 "http://128.111.48.15/contact.html" "Mozilla/5.0 (compatible; Konqueror/3; Linux)"
128.111.43.25 - - [06/Dec/2002:14:17:01 -0800] "GET /history.html HTTP/1.1" 304 - "http://128.111.48.15/" "Mozilla/5.0 (compatible; Konqueror/3; Linux)"
128.111.43.25 - - [06/Dec/2002:14:17:25 -0800] "GET /cgi-bin/query_extension.pl?cboname=wolskey HTTP/1.1" 200 327 "http://128.111.48.15/contact.html" "Mozilla/5.0 (compatible; Konqueror/3; Linux)"
128.111.43.25 - - [06/Dec/2002:14:17:37 -0800] "GET /cgi-bin/query_extension.pl?cboname=su HTTP/1.1" 200 317 "http://128.111.48.15/contact.html" "Mozilla/5.0 (compatible; Konqueror/3; Linux)"
128.111.43.25 - - [06/Dec/2002:14:18:45 -0800] "GET /cgi-bin/query_extension.pl?cboname=BTC HTTP/1.1" 200 319 "http://128.111.48.15/contact.html" "Mozilla/5.0 (compatible; Konqueror/3; Linux)"
128.111.43.25 - - [06/Dec/2002:14:21:19 -0800] "GET /contact.html HTTP/1.1" 304 - "http://128.111.48.15/" "Mozilla/5.0 (compatible; Konqueror/3; Linux)"
128.111.43.25 - - [06/Dec/2002:14:23:20 -0800] "GET /history.html HTTP/1.1" 304 - "http://128.111.48.15/" "Mozilla/5.0 (compatible; Konqueror/3; Linux)"
128.111.43.25 - - [06/Dec/2002:14:23:40 -0800] "GET /financial.html HTTP/1.1" 304 - "http://128.111.48.15/history.html" "Mozilla/5.0 (compatible; Konqueror/3; Linux)"
128.111.43.25 - - [06/Dec/2002:14:24:49 -0800] "GET /contact.html HTTP/1.1" 304 - "http://128.111.48.15/" "Mozilla/5.0 (compatible; Konqueror/3; Linux)"
128.111.43.25 - - [06/Dec/2002:14:24:53 -0800] "GET /cgi-bin/query_extension.pl?cboname=Even HTTP/1.1" 200 321 "http://128.111.48.15/contact.html" "Mozilla/5.0 (compatible; Konqueror/3; Linux)"
128.111.43.25 - - [06/Dec/2002:14:25:04 -0800] "GET /cgi-bin/query_extension.pl?cboname=Worse HTTP/1.1" 200 323 "http://128.111.48.15/contact.html" "Mozilla/5.0 (compatible; Konqueror/3; Linux)"
128.111.43.25 - - [06/Dec/2002:14:27:29 -0800] "GET /cgi-bin/query_extension.pl?cboname=schmidt HTTP/1.1" 200 349 "http://128.111.48.15/contact.html" "Mozilla/5.0 (compatible; Konqueror/3; Linux)"
128.111.43.72 - - [06/Dec/2002:14:32:32 -0800] "GET /cgi-bin/guestbook.pl HTTP/1.1" 200 348 "-" "Mozilla/5.0 (X11; U; Linux i686; en-US; rv:1.0.1) Gecko/20021003"
128.111.43.72 - - [06/Dec/2002:14:32:44 -0800] "GET / HTTP/1.1" 304 - "-" "Mozilla/5.0 (X11; U; Linux i686; en-US; rv:1.0.1) Gecko/20021003"
128.111.43.72 - - [06/Dec/2002:14:32:44 -0800] "GET /basstard.png HTTP/1.1" 304 - "http://128.111.48.15/" "Mozilla/5.0 (X11; U; Linux i686; en-US; rv:1.0.1) Gecko/20021003"
128.111.43.72 - - [06/Dec/2002:14:33:12 -0800] "GET /cgi-bin/guestbook.pl?guestbook.txt HTTP/1.1" 200 632 "http://128.111.48.15/feedback.html" "Mozilla/5.0 (X11; U; Linux i686; en-US; rv:1.0.1) Gecko/20021003"
128.111.43.72 - - [06/Dec/2002:14:33:48 -0800] "GET /cgi-bin/query_extension.pl?cboname=John+de+Generate HTTP/1.1" 200 345 "http://128.111.48.15/contact.html" "Mozilla/5.0 (X11; U; Linux i686; en-US; rv:1.0.1) Gecko/20021003"
128.111.43.72 - - [06/Dec/2002:14:33:57 -0800] "GET /cgi-bin/query_extension.pl?cboname=Generate HTTP/1.1" 200 329 "http://128.111.48.15/contact.html" "Mozilla/5.0 (X11; U; Linux i686; en-US; rv:1.0.1) Gecko/20021003"
128.111.43.25 - - [06/Dec/2002:14:40:42 -0800] "GET /cgi-bin HTTP/1.1" 404 279 "-" "Mozilla/5.0 (compatible; Konqueror/3; Linux)"
128.111.43.58 - - [06/Dec/2002:14:41:02 -0800] "GET /history.html HTTP/1.0" 200 1226 "http://128.111.48.15/" "Mozilla/4.79 [en] (X11; U; Linux 2.4.18-18.7.x i686)"
128.111.43.58 - - [06/Dec/2002:14:41:04 -0800] "GET / HTTP/1.0" 200 1494 "-" "Mozilla/4.79 [en] (X11; U; Linux 2.4.18-18.7.x i686)"
128.111.43.58 - - [06/Dec/2002:14:41:05 -0800] "GET /basstard.png HTTP/1.0" 200 18660 "http://128.111.48.15/" "Mozilla/4.79 [en] (X11; U; Linux 2.4.18-18.7.x i686)"
128.111.43.58 - - [06/Dec/2002:14:41:06 -0800] "GET /feedback.html HTTP/1.0" 200 1307 "http://128.111.48.15/" "Mozilla/4.79 [en] (X11; U; Linux 2.4.18-18.7.x i686)"
128.111.43.58 - - [06/Dec/2002:14:41:07 -0800] "GET /cgi-bin/guestbook.pl?guestbook.txt HTTP/1.0" 200 599 "http://128.111.48.15/feedback.html" "Mozilla/4.79 [en] (X11; U; Linux 2.4.18-18.7.x i686)"
128.111.43.58 - - [06/Dec/2002:14:41:21 -0800] "GET /cgi-bin/guestbook.pl?/etc/passwd HTTP/1.0" 200 1935 "-" "Mozilla/4.79 [en] (X11; U; Linux 2.4.18-18.7.x i686)"
128.111.43.25 - - [06/Dec/2002:14:42:15 -0800] "POST /cgi-bin/save_message.pl HTTP/1.1" 200 645 "http://128.111.48.15/feedback.html" "Mozilla/5.0 (compatible; Konqueror/3; Linux)"
128.111.43.25 - - [06/Dec/2002:14:42:34 -0800] "GET /cgi-bin/guestbook.pl?guestbook.txt HTTP/1.1" 200 632 "http://128.111.48.15/cgi-bin/save_message.pl" "Mozilla/5.0 (compatible; Konqueror/3; Linux)"
128.111.43.58 - - [06/Dec/2002:15:00:54 -0800] "GET /cgi-bin/guestbook.pl?/etc/passwd HTTP/1.0" 200 1935 "-" "Mozilla/4.79 [en] (X11; U; Linux 2.4.18-18.7.x i686)"
128.111.43.38 - - [06/Dec/2002:15:04:39 -0800] "GET /cgi-bin/guestbook.pl?guestbook.txt HTTP/1.1" 200 632 "http://128.111.48.15/feedback.html" "Mozilla/4.0 (compatible; MSIE 6.0; Windows NT 5.1; Q312461)"
128.111.43.38 - - [06/Dec/2002:15:04:53 -0800] "GET /cgi-bin/guestbook.pl?etc/passwd HTTP/1.1" 200 348 "-" "Mozilla/4.0 (compatible; MSIE 6.0; Windows NT 5.1; Q312461)"
128.111.43.38 - - [06/Dec/2002:15:05:03 -0800] "GET /cgi-bin/guestbook.pl?/../../etc/passwd HTTP/1.1" 200 1968 "-" "Mozilla/4.0 (compatible; MSIE 6.0; Windows NT 5.1; Q312461)"
128.111.43.38 - - [06/Dec/2002:15:05:08 -0800] "GET /cgi-bin/guestbook.pl?/../../etc/passwd HTTP/1.1" 200 1968 "-" "Mozilla/4.0 (compatible; MSIE 6.0; Windows NT 5.1; Q312461)"
128.111.43.25 - - [06/Dec/2002:16:10:44 -0800] "GET / HTTP/1.0" 200 1494 "-" "Mozilla/4.79 [en] (X11; U; Linux 2.4.18-17.7.x i686; Nav)"
128.111.43.25 - - [06/Dec/2002:16:10:45 -0800] "GET /basstard.css HTTP/1.0" 200 793 "-" "Mozilla/4.79 [en] (X11; U; Linux 2.4.18-17.7.x i686; Nav)"
128.111.43.25 - - [06/Dec/2002:16:10:46 -0800] "GET /basstard.png HTTP/1.0" 200 18660 "http://128.111.48.15/" "Mozilla/4.79 [en] (X11; U; Linux 2.4.18-17.7.x i686; Nav)"
128.111.43.25 - - [06/Dec/2002:16:10:46 -0800] "GET /basstard_title.png HTTP/1.0" 200 5316 "http://128.111.48.15/" "Mozilla/4.79 [en] (X11; U; Linux 2.4.18-17.7.x i686; Nav)"
128.111.43.59 - - [06/Dec/2002:16:16:13 -0800] "GET / HTTP/1.1" 200 1494 "-" "Mozilla/5.0 (compatible; Konqueror/3.0.0-10; Linux)"
128.111.43.59 - - [06/Dec/2002:16:16:16 -0800] "GET /basstard_title.png HTTP/1.1" 200 5316 "http://128.111.48.15/" "Mozilla/5.0 (compatible; Konqueror/3.0.0-10; Linux)"
128.111.43.59 - - [06/Dec/2002:16:16:16 -0800] "GET /basstard.css HTTP/1.1" 200 793 "http://128.111.48.15/" "Mozilla/5.0 (compatible; Konqueror/3.0.0-10; Linux)"
128.111.43.59 - - [06/Dec/2002:16:16:16 -0800] "GET /basstard.png HTTP/1.1" 200 18660 "http://128.111.48.15/" "Mozilla/5.0 (compatible; Konqueror/3.0.0-10; Linux)"
128.111.43.59 - - [06/Dec/2002:16:16:17 -0800] "GET /favicon.ico HTTP/1.1" 404 283 "-" "Mozilla/5.0 (compatible; Konqueror/3.0.0-10; Linux)"
128.111.43.39 - - [06/Dec/2002:16:27:21 -0800] "GET / HTTP/1.1" 304 - "-" "Mozilla/5.0 (compatible; Konqueror/3; Linux)"
128.111.43.39 - - [06/Dec/2002:16:27:26 -0800] "GET /basstard.css HTTP/1.1" 304 - "http://128.111.48.15/" "Mozilla/5.0 (compatible; Konqueror/3; Linux)"
128.111.43.39 - - [06/Dec/2002:16:27:26 -0800] "GET /basstard.png HTTP/1.1" 304 - "http://128.111.48.15/" "Mozilla/5.0 (compatible; Konqueror/3; Linux)"
128.111.43.39 - - [06/Dec/2002:16:27:26 -0800] "GET /basstard_title.png HTTP/1.1" 304 - "http://128.111.48.15/" "Mozilla/5.0 (compatible; Konqueror/3; Linux)"
128.111.43.39 - - [06/Dec/2002:16:27:26 -0800] "GET /favicon.ico HTTP/1.1" 404 283 "-" "Mozilla/5.0 (compatible; Konqueror/3; Linux)"
128.111.53.100 - - [06/Dec/2002:16:28:39 -0800] "GET / HTTP/1.0" 200 1494 "-" "Mozilla/4.61 [en] (WinNT; U)"
128.111.53.100 - - [06/Dec/2002:16:28:39 -0800] "GET /basstard.css HTTP/1.0" 200 793 "-" "Mozilla/4.61 [en] (WinNT; U)"
128.111.53.100 - - [06/Dec/2002:16:28:40 -0800] "GET /basstard_title.png HTTP/1.0" 200 5316 "http://128.111.48.15/" "Mozilla/4.61 [en] (WinNT; U)"
128.111.53.100 - - [06/Dec/2002:16:28:40 -0800] "GET /basstard.png HTTP/1.0" 200 18660 "http://128.111.48.15/" "Mozilla/4.61 [en] (WinNT; U)"
